birž. 17 23:59:13 archlinux kernel: microcode: updated early: 0xa6 -> 0xaa, date = 2022-12-28
birž. 17 23:59:13 archlinux kernel: Linux version 6.3.8-1-MANJARO (bernhard@slimbook-titan) (gcc (GCC) 13.1.1 20230429, GNU ld (GNU Binutils) 2.40.0) #1 SMP PREEMPT_DYNAMIC Thu Jun 15 11:18:06 CEST 2023
birž. 17 23:59:13 archlinux kernel: Command line: BOOT_IMAGE=/boot/vmlinuz-6.3-x86_64 root=UUID=d58bf104-f3d0-48a2-8d0f-6c6a70cd8538 rw quiet loglevel=3 apparmor=1 security=apparmor udev.log_level=3 systemd.show_status=false
birž. 17 23:59:13 archlinux kernel: x86/split lock detection: #AC: crashing the kernel on kernel split_locks and warning on user-space split_locks
birž. 17 23:59:13 archlinux kernel: x86/fpu: Supporting XSAVE feature 0x001: 'x87 floating point registers'
birž. 17 23:59:13 archlinux kernel: x86/fpu: Supporting XSAVE feature 0x002: 'SSE registers'
birž. 17 23:59:13 archlinux kernel: x86/fpu: Supporting XSAVE feature 0x004: 'AVX registers'
birž. 17 23:59:13 archlinux kernel: x86/fpu: Supporting XSAVE feature 0x020: 'AVX-512 opmask'
birž. 17 23:59:13 archlinux kernel: x86/fpu: Supporting XSAVE feature 0x040: 'AVX-512 Hi256'
birž. 17 23:59:13 archlinux kernel: x86/fpu: Supporting XSAVE feature 0x080: 'AVX-512 ZMM_Hi256'
birž. 17 23:59:13 archlinux kernel: x86/fpu: Supporting XSAVE feature 0x200: 'Protection Keys User registers'
birž. 17 23:59:13 archlinux kernel: x86/fpu: xstate_offset[2]:  576, xstate_sizes[2]:  256
birž. 17 23:59:13 archlinux kernel: x86/fpu: xstate_offset[5]:  832, xstate_sizes[5]:   64
birž. 17 23:59:13 archlinux kernel: x86/fpu: xstate_offset[6]:  896, xstate_sizes[6]:  512
birž. 17 23:59:13 archlinux kernel: x86/fpu: xstate_offset[7]: 1408, xstate_sizes[7]: 1024
birž. 17 23:59:13 archlinux kernel: x86/fpu: xstate_offset[9]: 2432, xstate_sizes[9]:    8
birž. 17 23:59:13 archlinux kernel: x86/fpu: Enabled xstate features 0x2e7, context size is 2440 bytes, using 'compacted' format.
birž. 17 23:59:13 archlinux kernel: signal: max sigframe size: 3632
birž. 17 23:59:13 archlinux kernel: BIOS-provided physical RAM map:
birž. 17 23:59:13 archlinux kernel: BIOS-e820: [mem 0x0000000000000000-0x000000000009efff] usable
birž. 17 23:59:13 archlinux kernel: BIOS-e820: [mem 0x000000000009f000-0x00000000000fffff] reserved
birž. 17 23:59:13 archlinux kernel: BIOS-e820: [mem 0x0000000000100000-0x0000000039f98fff] usable
birž. 17 23:59:13 archlinux kernel: BIOS-e820: [mem 0x0000000039f99000-0x000000003a898fff] reserved
birž. 17 23:59:13 archlinux kernel: BIOS-e820: [mem 0x000000003a899000-0x00000000434aefff] usable
birž. 17 23:59:13 archlinux kernel: BIOS-e820: [mem 0x00000000434af000-0x000000004387efff] type 20
birž. 17 23:59:13 archlinux kernel: BIOS-e820: [mem 0x000000004387f000-0x00000000452fefff] reserved
birž. 17 23:59:13 archlinux kernel: BIOS-e820: [mem 0x00000000452ff000-0x0000000045b2efff] ACPI NVS
birž. 17 23:59:13 archlinux kernel: BIOS-e820: [mem 0x0000000045b2f000-0x0000000045bfefff] ACPI data
birž. 17 23:59:13 archlinux kernel: BIOS-e820: [mem 0x0000000045bff000-0x0000000045bfffff] usable
birž. 17 23:59:13 archlinux kernel: BIOS-e820: [mem 0x0000000045c00000-0x0000000049ffffff] reserved
birž. 17 23:59:13 archlinux kernel: BIOS-e820: [mem 0x000000004a200000-0x000000004a3fffff] reserved
birž. 17 23:59:13 archlinux kernel: BIOS-e820: [mem 0x000000004b000000-0x00000000503fffff] reserved
birž. 17 23:59:13 archlinux kernel: BIOS-e820: [mem 0x00000000c0000000-0x00000000cfffffff] reserved
birž. 17 23:59:13 archlinux kernel: BIOS-e820: [mem 0x00000000fe010000-0x00000000fe010fff] reserved
birž. 17 23:59:13 archlinux kernel: BIOS-e820: [mem 0x00000000fed20000-0x00000000fed7ffff] reserved
birž. 17 23:59:13 archlinux kernel: BIOS-e820: [mem 0x00000000ff000000-0x00000000ffffffff] reserved
birž. 17 23:59:13 archlinux kernel: BIOS-e820: [mem 0x0000000100000000-0x00000004afbfffff] usable
birž. 17 23:59:13 archlinux kernel: NX (Execute Disable) protection: active
birž. 17 23:59:13 archlinux kernel: efi: EFI v2.7 by INSYDE Corp.
birž. 17 23:59:13 archlinux kernel: efi: ACPI=0x45bfe000 ACPI 2.0=0x45bfe014 TPMFinalLog=0x45ac5000 SMBIOS=0x439e0000 SMBIOS 3.0=0x439de000 MEMATTR=0x3f331018 ESRT=0x3f334098 
birž. 17 23:59:13 archlinux kernel: efi: Remove mem72: MMIO range=[0xc0000000-0xcfffffff] (256MB) from e820 map
birž. 17 23:59:13 archlinux kernel: e820: remove [mem 0xc0000000-0xcfffffff] reserved
birž. 17 23:59:13 archlinux kernel: efi: Not removing mem73: MMIO range=[0xfe010000-0xfe010fff] (4KB) from e820 map
birž. 17 23:59:13 archlinux kernel: efi: Remove mem75: MMIO range=[0xff000000-0xffffffff] (16MB) from e820 map
birž. 17 23:59:13 archlinux kernel: e820: remove [mem 0xff000000-0xffffffff] reserved
birž. 17 23:59:13 archlinux kernel: SMBIOS 3.3.0 present.
birž. 17 23:59:13 archlinux kernel: DMI: LENOVO 82L9/LNVNB161216, BIOS GRCN26WW 04/21/2023
birž. 17 23:59:13 archlinux kernel: tsc: Detected 3100.000 MHz processor
birž. 17 23:59:13 archlinux kernel: tsc: Detected 3110.400 MHz TSC
birž. 17 23:59:13 archlinux kernel: e820: update [mem 0x00000000-0x00000fff] usable ==> reserved
birž. 17 23:59:13 archlinux kernel: e820: remove [mem 0x000a0000-0x000fffff] usable
birž. 17 23:59:13 archlinux kernel: last_pfn = 0x4afc00 max_arch_pfn = 0x400000000
birž. 17 23:59:13 archlinux kernel: x86/PAT: Configuration [0-7]: WB  WC  UC- UC  WB  WP  UC- WT  
birž. 17 23:59:13 archlinux kernel: last_pfn = 0x45c00 max_arch_pfn = 0x400000000
birž. 17 23:59:13 archlinux kernel: esrt: Reserving ESRT space from 0x000000003f334098 to 0x000000003f334120.
birž. 17 23:59:13 archlinux kernel: e820: update [mem 0x3f334000-0x3f334fff] usable ==> reserved
birž. 17 23:59:13 archlinux kernel: Using GB pages for direct mapping
birž. 17 23:59:13 archlinux kernel: Secure boot disabled
birž. 17 23:59:13 archlinux kernel: RAMDISK: [mem 0x3502d000-0x3680dfff]
birž. 17 23:59:13 archlinux kernel: ACPI: Early table checksum verification disabled
birž. 17 23:59:13 archlinux kernel: ACPI: RSDP 0x0000000045BFE014 000024 (v02 LENOVO)
birž. 17 23:59:13 archlinux kernel: ACPI: XSDT 0x0000000045BD3188 000124 (v01 LENOVO CB-01    00000001      01000013)
birž. 17 23:59:13 archlinux kernel: ACPI: FACP 0x0000000045BFD000 000114 (v06 LENOVO CB-01    00000001 ACPI 00040000)
birž. 17 23:59:13 archlinux kernel: ACPI: DSDT 0x0000000045B7E000 052E2B (v02 LENOVO CB-01    00000001 ACPI 00040000)
birž. 17 23:59:13 archlinux kernel: ACPI: FACS 0x0000000045AA2000 000040
birž. 17 23:59:13 archlinux kernel: ACPI: UEFI 0x0000000045B2E000 000236 (v01 LENOVO CB-01    00000001 ACPI 00040000)
birž. 17 23:59:13 archlinux kernel: ACPI: SSDT 0x0000000045BFA000 00255C (v02 LENOVO CB-01    00000001 INTL 20160422)
birž. 17 23:59:13 archlinux kernel: ACPI: SSDT 0x0000000045BF5000 0041C7 (v02 LENOVO CB-01    00000001 INTL 20160422)
birž. 17 23:59:13 archlinux kernel: ACPI: SSDT 0x0000000045BF3000 0019F7 (v02 LENOVO CB-01    00000001 INTL 20160422)
birž. 17 23:59:13 archlinux kernel: ACPI: SSDT 0x0000000045BEF000 003300 (v02 LENOVO CB-01    00000001 INTL 20160422)
birž. 17 23:59:13 archlinux kernel: ACPI: SSDT 0x0000000045BE3000 00B25E (v02 INTEL  TcssSsdt 00001000 INTL 20160422)
birž. 17 23:59:13 archlinux kernel: ACPI: SSDT 0x0000000045BE2000 00077B (v02 LENOVO CB-01    00000001 INTL 20160422)
birž. 17 23:59:13 archlinux kernel: ACPI: TPM2 0x0000000045BE1000 00004C (v04 LENOVO CB-01    00000001 ACPI 00040000)
birž. 17 23:59:13 archlinux kernel: ACPI: POAT 0x0000000045BE0000 000055 (v03 LENOVO CB-01    00000001 ACPI 00040000)
birž. 17 23:59:13 archlinux kernel: ACPI: SSDT 0x0000000045BDF000 000BD8 (v02 LENOVO CB-01    00000001 INTL 20160422)
birž. 17 23:59:13 archlinux kernel: ACPI: NHLT 0x0000000045BDD000 001B25 (v00 LENOVO CB-01    00000001 ACPI 00040000)
birž. 17 23:59:13 archlinux kernel: ACPI: SSDT 0x0000000045BDB000 001722 (v02 LENOVO CB-01    00000001 INTL 20160422)
birž. 17 23:59:13 archlinux kernel: ACPI: LPIT 0x0000000045BDA000 0000CC (v01 LENOVO CB-01    00000001 ACPI 00040000)
birž. 17 23:59:13 archlinux kernel: ACPI: WSMT 0x0000000045BD9000 000028 (v01 LENOVO CB-01    00000001 ACPI 00040000)
birž. 17 23:59:13 archlinux kernel: ACPI: SSDT 0x0000000045BD8000 000B70 (v02 LENOVO CB-01    00000001 INTL 20160422)
birž. 17 23:59:13 archlinux kernel: ACPI: SSDT 0x0000000045BD7000 00012A (v02 LENOVO CB-01    00000001 INTL 20160422)
birž. 17 23:59:13 archlinux kernel: ACPI: DBGP 0x0000000045BD6000 000034 (v01 LENOVO CB-01    00000001 ACPI 00040000)
birž. 17 23:59:13 archlinux kernel: ACPI: DBG2 0x0000000045BD5000 000054 (v00 LENOVO CB-01    00000001 ACPI 00040000)
birž. 17 23:59:13 archlinux kernel: ACPI: ECDT 0x0000000045BD4000 000069 (v01 LENOVO CB-01    00000001 ACPI 00040000)
birž. 17 23:59:13 archlinux kernel: ACPI: HPET 0x0000000045BD2000 000038 (v01 LENOVO CB-01    00000001 ACPI 00040000)
birž. 17 23:59:13 archlinux kernel: ACPI: APIC 0x0000000045BD1000 00012C (v04 LENOVO CB-01    00000001 ACPI 00040000)
birž. 17 23:59:13 archlinux kernel: ACPI: SSDT 0x0000000045B7C000 001362 (v02 LENOVO CB-01    00000001      01000013)
birž. 17 23:59:13 archlinux kernel: ACPI: SSDT 0x0000000045B7B000 000C78 (v02 LENOVO CB-01    00000001      01000013)
birž. 17 23:59:13 archlinux kernel: ACPI: DMAR 0x0000000045B7A000 0000A0 (v02 LENOVO CB-01    00000001 ACPI 00040000)
birž. 17 23:59:13 archlinux kernel: ACPI: SSDT 0x0000000045B77000 002138 (v01 LENOVO CB-01    00000001 INTL 20160422)
birž. 17 23:59:13 archlinux kernel: ACPI: MCFG 0x0000000045B76000 00003C (v01 LENOVO CB-01    00000001 ACPI 00040000)
birž. 17 23:59:13 archlinux kernel: ACPI: SSDT 0x0000000045B75000 000E19 (v02 LENOVO CB-01    00000001 INTL 20160422)
birž. 17 23:59:13 archlinux kernel: ACPI: SSDT 0x0000000045B74000 0000F8 (v01 LENOVO CB-01    00000001 INTL 20160422)
birž. 17 23:59:13 archlinux kernel: ACPI: FPDT 0x0000000045B73000 000044 (v01 LENOVO CB-01    00000001 ACPI 00040000)
birž. 17 23:59:13 archlinux kernel: ACPI: BGRT 0x0000000045B72000 000038 (v01 LENOVO CB-01    00000001 ACPI 00040000)
birž. 17 23:59:13 archlinux kernel: ACPI: PTDT 0x0000000045B71000 000CFE (v00 LENOVO CB-01    00000001 ACPI 00040000)
birž. 17 23:59:13 archlinux kernel: ACPI: Reserving FACP table memory at [mem 0x45bfd000-0x45bfd113]
birž. 17 23:59:13 archlinux kernel: ACPI: Reserving DSDT table memory at [mem 0x45b7e000-0x45bd0e2a]
birž. 17 23:59:13 archlinux kernel: ACPI: Reserving FACS table memory at [mem 0x45aa2000-0x45aa203f]
birž. 17 23:59:13 archlinux kernel: ACPI: Reserving UEFI table memory at [mem 0x45b2e000-0x45b2e235]
birž. 17 23:59:13 archlinux kernel: ACPI: Reserving SSDT table memory at [mem 0x45bfa000-0x45bfc55b]
birž. 17 23:59:13 archlinux kernel: ACPI: Reserving SSDT table memory at [mem 0x45bf5000-0x45bf91c6]
birž. 17 23:59:13 archlinux kernel: ACPI: Reserving SSDT table memory at [mem 0x45bf3000-0x45bf49f6]
birž. 17 23:59:13 archlinux kernel: ACPI: Reserving SSDT table memory at [mem 0x45bef000-0x45bf22ff]
birž. 17 23:59:13 archlinux kernel: ACPI: Reserving SSDT table memory at [mem 0x45be3000-0x45bee25d]
birž. 17 23:59:13 archlinux kernel: ACPI: Reserving SSDT table memory at [mem 0x45be2000-0x45be277a]
birž. 17 23:59:13 archlinux kernel: ACPI: Reserving TPM2 table memory at [mem 0x45be1000-0x45be104b]
birž. 17 23:59:13 archlinux kernel: ACPI: Reserving POAT table memory at [mem 0x45be0000-0x45be0054]
birž. 17 23:59:13 archlinux kernel: ACPI: Reserving SSDT table memory at [mem 0x45bdf000-0x45bdfbd7]
birž. 17 23:59:13 archlinux kernel: ACPI: Reserving NHLT table memory at [mem 0x45bdd000-0x45bdeb24]
birž. 17 23:59:13 archlinux kernel: ACPI: Reserving SSDT table memory at [mem 0x45bdb000-0x45bdc721]
birž. 17 23:59:13 archlinux kernel: ACPI: Reserving LPIT table memory at [mem 0x45bda000-0x45bda0cb]
birž. 17 23:59:13 archlinux kernel: ACPI: Reserving WSMT table memory at [mem 0x45bd9000-0x45bd9027]
birž. 17 23:59:13 archlinux kernel: ACPI: Reserving SSDT table memory at [mem 0x45bd8000-0x45bd8b6f]
birž. 17 23:59:13 archlinux kernel: ACPI: Reserving SSDT table memory at [mem 0x45bd7000-0x45bd7129]
birž. 17 23:59:13 archlinux kernel: ACPI: Reserving DBGP table memory at [mem 0x45bd6000-0x45bd6033]
birž. 17 23:59:13 archlinux kernel: ACPI: Reserving DBG2 table memory at [mem 0x45bd5000-0x45bd5053]
birž. 17 23:59:13 archlinux kernel: ACPI: Reserving ECDT table memory at [mem 0x45bd4000-0x45bd4068]
birž. 17 23:59:13 archlinux kernel: ACPI: Reserving HPET table memory at [mem 0x45bd2000-0x45bd2037]
birž. 17 23:59:13 archlinux kernel: ACPI: Reserving APIC table memory at [mem 0x45bd1000-0x45bd112b]
birž. 17 23:59:13 archlinux kernel: ACPI: Reserving SSDT table memory at [mem 0x45b7c000-0x45b7d361]
birž. 17 23:59:13 archlinux kernel: ACPI: Reserving SSDT table memory at [mem 0x45b7b000-0x45b7bc77]
birž. 17 23:59:13 archlinux kernel: ACPI: Reserving DMAR table memory at [mem 0x45b7a000-0x45b7a09f]
birž. 17 23:59:13 archlinux kernel: ACPI: Reserving SSDT table memory at [mem 0x45b77000-0x45b79137]
birž. 17 23:59:13 archlinux kernel: ACPI: Reserving MCFG table memory at [mem 0x45b76000-0x45b7603b]
birž. 17 23:59:13 archlinux kernel: ACPI: Reserving SSDT table memory at [mem 0x45b75000-0x45b75e18]
birž. 17 23:59:13 archlinux kernel: ACPI: Reserving SSDT table memory at [mem 0x45b74000-0x45b740f7]
birž. 17 23:59:13 archlinux kernel: ACPI: Reserving FPDT table memory at [mem 0x45b73000-0x45b73043]
birž. 17 23:59:13 archlinux kernel: ACPI: Reserving BGRT table memory at [mem 0x45b72000-0x45b72037]
birž. 17 23:59:13 archlinux kernel: ACPI: Reserving PTDT table memory at [mem 0x45b71000-0x45b71cfd]
birž. 17 23:59:13 archlinux kernel: No NUMA configuration found
birž. 17 23:59:13 archlinux kernel: Faking a node at [mem 0x0000000000000000-0x00000004afbfffff]
birž. 17 23:59:13 archlinux kernel: NODE_DATA(0) allocated [mem 0x4afbfb000-0x4afbfffff]
birž. 17 23:59:13 archlinux kernel: Zone ranges:
birž. 17 23:59:13 archlinux kernel:   DMA      [mem 0x0000000000001000-0x0000000000ffffff]
birž. 17 23:59:13 archlinux kernel:   DMA32    [mem 0x0000000001000000-0x00000000ffffffff]
birž. 17 23:59:13 archlinux kernel:   Normal   [mem 0x0000000100000000-0x00000004afbfffff]
birž. 17 23:59:13 archlinux kernel:   Device   empty
birž. 17 23:59:13 archlinux kernel: Movable zone start for each node
birž. 17 23:59:13 archlinux kernel: Early memory node ranges
birž. 17 23:59:13 archlinux kernel:   node   0: [mem 0x0000000000001000-0x000000000009efff]
birž. 17 23:59:13 archlinux kernel:   node   0: [mem 0x0000000000100000-0x0000000039f98fff]
birž. 17 23:59:13 archlinux kernel:   node   0: [mem 0x000000003a899000-0x00000000434aefff]
birž. 17 23:59:13 archlinux kernel:   node   0: [mem 0x0000000045bff000-0x0000000045bfffff]
birž. 17 23:59:13 archlinux kernel:   node   0: [mem 0x0000000100000000-0x00000004afbfffff]
birž. 17 23:59:13 archlinux kernel: Initmem setup node 0 [mem 0x0000000000001000-0x00000004afbfffff]
birž. 17 23:59:13 archlinux kernel: On node 0, zone DMA: 1 pages in unavailable ranges
birž. 17 23:59:13 archlinux kernel: On node 0, zone DMA: 97 pages in unavailable ranges
birž. 17 23:59:13 archlinux kernel: On node 0, zone DMA32: 2304 pages in unavailable ranges
birž. 17 23:59:13 archlinux kernel: On node 0, zone DMA32: 10064 pages in unavailable ranges
birž. 17 23:59:13 archlinux kernel: On node 0, zone Normal: 9216 pages in unavailable ranges
birž. 17 23:59:13 archlinux kernel: On node 0, zone Normal: 1024 pages in unavailable ranges
birž. 17 23:59:13 archlinux kernel: Reserving Intel graphics memory at [mem 0x4c800000-0x503fffff]
birž. 17 23:59:13 archlinux kernel: ACPI: PM-Timer IO Port: 0x1808
birž. 17 23:59:13 archlinux kernel: ACPI: LAPIC_NMI (acpi_id[0x01] high edge lint[0x1])
birž. 17 23:59:13 archlinux kernel: ACPI: LAPIC_NMI (acpi_id[0x02] high edge lint[0x1])
birž. 17 23:59:13 archlinux kernel: ACPI: LAPIC_NMI (acpi_id[0x03] high edge lint[0x1])
birž. 17 23:59:13 archlinux kernel: ACPI: LAPIC_NMI (acpi_id[0x04] high edge lint[0x1])
birž. 17 23:59:13 archlinux kernel: ACPI: LAPIC_NMI (acpi_id[0x05] high edge lint[0x1])
birž. 17 23:59:13 archlinux kernel: ACPI: LAPIC_NMI (acpi_id[0x06] high edge lint[0x1])
birž. 17 23:59:13 archlinux kernel: ACPI: LAPIC_NMI (acpi_id[0x07] high edge lint[0x1])
birž. 17 23:59:13 archlinux kernel: ACPI: LAPIC_NMI (acpi_id[0x08] high edge lint[0x1])
birž. 17 23:59:13 archlinux kernel: ACPI: LAPIC_NMI (acpi_id[0x09] high edge lint[0x1])
birž. 17 23:59:13 archlinux kernel: ACPI: LAPIC_NMI (acpi_id[0x0a] high edge lint[0x1])
birž. 17 23:59:13 archlinux kernel: ACPI: LAPIC_NMI (acpi_id[0x0b] high edge lint[0x1])
birž. 17 23:59:13 archlinux kernel: ACPI: LAPIC_NMI (acpi_id[0x0c] high edge lint[0x1])
birž. 17 23:59:13 archlinux kernel: ACPI: LAPIC_NMI (acpi_id[0x0d] high edge lint[0x1])
birž. 17 23:59:13 archlinux kernel: ACPI: LAPIC_NMI (acpi_id[0x0e] high edge lint[0x1])
birž. 17 23:59:13 archlinux kernel: ACPI: LAPIC_NMI (acpi_id[0x0f] high edge lint[0x1])
birž. 17 23:59:13 archlinux kernel: ACPI: LAPIC_NMI (acpi_id[0x10] high edge lint[0x1])
birž. 17 23:59:13 archlinux kernel: IOAPIC[0]: apic_id 2, version 32, address 0xfec00000, GSI 0-119
birž. 17 23:59:13 archlinux kernel: ACPI: INT_SRC_OVR (bus 0 bus_irq 0 global_irq 2 dfl dfl)
birž. 17 23:59:13 archlinux kernel: ACPI: INT_SRC_OVR (bus 0 bus_irq 9 global_irq 9 high level)
birž. 17 23:59:13 archlinux kernel: ACPI: Using ACPI (MADT) for SMP configuration information
birž. 17 23:59:13 archlinux kernel: ACPI: HPET id: 0x8086a201 base: 0xfed00000
birž. 17 23:59:13 archlinux kernel: e820: update [mem 0x3f335000-0x3f515fff] usable ==> reserved
birž. 17 23:59:13 archlinux kernel: TSC deadline timer available
birž. 17 23:59:13 archlinux kernel: smpboot: Allowing 8 CPUs, 0 hotplug CPUs
birž. 17 23:59:13 archlinux kernel: PM: hibernation: Registered nosave memory: [mem 0x00000000-0x00000fff]
birž. 17 23:59:13 archlinux kernel: PM: hibernation: Registered nosave memory: [mem 0x0009f000-0x000fffff]
birž. 17 23:59:13 archlinux kernel: PM: hibernation: Registered nosave memory: [mem 0x39f99000-0x3a898fff]
birž. 17 23:59:13 archlinux kernel: PM: hibernation: Registered nosave memory: [mem 0x3f334000-0x3f515fff]
birž. 17 23:59:13 archlinux kernel: PM: hibernation: Registered nosave memory: [mem 0x434af000-0x4387efff]
birž. 17 23:59:13 archlinux kernel: PM: hibernation: Registered nosave memory: [mem 0x4387f000-0x452fefff]
birž. 17 23:59:13 archlinux kernel: PM: hibernation: Registered nosave memory: [mem 0x452ff000-0x45b2efff]
birž. 17 23:59:13 archlinux kernel: PM: hibernation: Registered nosave memory: [mem 0x45b2f000-0x45bfefff]
birž. 17 23:59:13 archlinux kernel: PM: hibernation: Registered nosave memory: [mem 0x45c00000-0x49ffffff]
birž. 17 23:59:13 archlinux kernel: PM: hibernation: Registered nosave memory: [mem 0x4a000000-0x4a1fffff]
birž. 17 23:59:13 archlinux kernel: PM: hibernation: Registered nosave memory: [mem 0x4a200000-0x4a3fffff]
birž. 17 23:59:13 archlinux kernel: PM: hibernation: Registered nosave memory: [mem 0x4a400000-0x4affffff]
birž. 17 23:59:13 archlinux kernel: PM: hibernation: Registered nosave memory: [mem 0x4b000000-0x503fffff]
birž. 17 23:59:13 archlinux kernel: PM: hibernation: Registered nosave memory: [mem 0x50400000-0xfe00ffff]
birž. 17 23:59:13 archlinux kernel: PM: hibernation: Registered nosave memory: [mem 0xfe010000-0xfe010fff]
birž. 17 23:59:13 archlinux kernel: PM: hibernation: Registered nosave memory: [mem 0xfe011000-0xfed1ffff]
birž. 17 23:59:13 archlinux kernel: PM: hibernation: Registered nosave memory: [mem 0xfed20000-0xfed7ffff]
birž. 17 23:59:13 archlinux kernel: PM: hibernation: Registered nosave memory: [mem 0xfed80000-0xffffffff]
birž. 17 23:59:13 archlinux kernel: [mem 0x50400000-0xfe00ffff] available for PCI devices
birž. 17 23:59:13 archlinux kernel: Booting paravirtualized kernel on bare hardware
birž. 17 23:59:13 archlinux kernel: clocksource: refined-jiffies: mask: 0xffffffff max_cycles: 0xffffffff, max_idle_ns: 6370452778343963 ns
birž. 17 23:59:13 archlinux kernel: setup_percpu: NR_CPUS:320 nr_cpumask_bits:8 nr_cpu_ids:8 nr_node_ids:1
birž. 17 23:59:13 archlinux kernel: percpu: Embedded 64 pages/cpu s225280 r8192 d28672 u262144
birž. 17 23:59:13 archlinux kernel: pcpu-alloc: s225280 r8192 d28672 u262144 alloc=1*2097152
birž. 17 23:59:13 archlinux kernel: pcpu-alloc: [0] 0 1 2 3 4 5 6 7 
birž. 17 23:59:13 archlinux kernel: Fallback order for Node 0: 0 
birž. 17 23:59:13 archlinux kernel: Built 1 zonelists, mobility grouping on.  Total pages: 4074001
birž. 17 23:59:13 archlinux kernel: Policy zone: Normal
birž. 17 23:59:13 archlinux kernel: Kernel command line: BOOT_IMAGE=/boot/vmlinuz-6.3-x86_64 root=UUID=d58bf104-f3d0-48a2-8d0f-6c6a70cd8538 rw quiet loglevel=3 apparmor=1 security=apparmor udev.log_level=3 systemd.show_status=false
birž. 17 23:59:13 archlinux kernel: Unknown kernel command line parameters "BOOT_IMAGE=/boot/vmlinuz-6.3-x86_64", will be passed to user space.
birž. 17 23:59:13 archlinux kernel: random: crng init done
birž. 17 23:59:13 archlinux kernel: Dentry cache hash table entries: 2097152 (order: 12, 16777216 bytes, linear)
birž. 17 23:59:13 archlinux kernel: Inode-cache hash table entries: 1048576 (order: 11, 8388608 bytes, linear)
birž. 17 23:59:13 archlinux kernel: mem auto-init: stack:all(zero), heap alloc:on, heap free:off
birž. 17 23:59:13 archlinux kernel: software IO TLB: area num 8.
birž. 17 23:59:13 archlinux kernel: Memory: 16039592K/16555320K available (16384K kernel code, 2126K rwdata, 12740K rodata, 3336K init, 3944K bss, 515468K reserved, 0K cma-reserved)
birž. 17 23:59:13 archlinux kernel: SLUB: HWalign=64, Order=0-3, MinObjects=0, CPUs=8, Nodes=1
birž. 17 23:59:13 archlinux kernel: ftrace: allocating 47483 entries in 186 pages
birž. 17 23:59:13 archlinux kernel: ftrace: allocated 186 pages with 5 groups
birž. 17 23:59:13 archlinux kernel: Dynamic Preempt: full
birž. 17 23:59:13 archlinux kernel: rcu: Preemptible hierarchical RCU implementation.
birž. 17 23:59:13 archlinux kernel: rcu:         RCU restricting CPUs from NR_CPUS=320 to nr_cpu_ids=8.
birž. 17 23:59:13 archlinux kernel: rcu:         RCU priority boosting: priority 1 delay 500 ms.
birž. 17 23:59:13 archlinux kernel:         Trampoline variant of Tasks RCU enabled.
birž. 17 23:59:13 archlinux kernel:         Rude variant of Tasks RCU enabled.
birž. 17 23:59:13 archlinux kernel:         Tracing variant of Tasks RCU enabled.
birž. 17 23:59:13 archlinux kernel: rcu: RCU calculated value of scheduler-enlistment delay is 30 jiffies.
birž. 17 23:59:13 archlinux kernel: rcu: Adjusting geometry for rcu_fanout_leaf=16, nr_cpu_ids=8
birž. 17 23:59:13 archlinux kernel: NR_IRQS: 20736, nr_irqs: 2048, preallocated irqs: 16
birž. 17 23:59:13 archlinux kernel: rcu: srcu_init: Setting srcu_struct sizes based on contention.
birž. 17 23:59:13 archlinux kernel: kfence: initialized - using 2097152 bytes for 255 objects at 0x(____ptrval____)-0x(____ptrval____)
birž. 17 23:59:13 archlinux kernel: Console: colour dummy device 80x25
birž. 17 23:59:13 archlinux kernel: printk: console [tty0] enabled
birž. 17 23:59:13 archlinux kernel: ACPI: Core revision 20221020
birž. 17 23:59:13 archlinux kernel: hpet: HPET dysfunctional in PC10. Force disabled.
birž. 17 23:59:13 archlinux kernel: APIC: Switch to symmetric I/O mode setup
birž. 17 23:59:13 archlinux kernel: DMAR: Host address width 39
birž. 17 23:59:13 archlinux kernel: DMAR: DRHD base: 0x000000fed90000 flags: 0x0
birž. 17 23:59:13 archlinux kernel: DMAR: dmar0: reg_base_addr fed90000 ver 4:0 cap 1c0000c40660462 ecap 29a00f0505e
birž. 17 23:59:13 archlinux kernel: DMAR: DRHD base: 0x000000fed87000 flags: 0x0
birž. 17 23:59:13 archlinux kernel: DMAR: dmar1: reg_base_addr fed87000 ver 1:0 cap d2008c40660462 ecap f050da
birž. 17 23:59:13 archlinux kernel: DMAR: DRHD base: 0x000000fed91000 flags: 0x1
birž. 17 23:59:13 archlinux kernel: DMAR: dmar2: reg_base_addr fed91000 ver 1:0 cap d2008c40660462 ecap f050da
birž. 17 23:59:13 archlinux kernel: DMAR: RMRR base: 0x0000004c000000 end: 0x000000503fffff
birž. 17 23:59:13 archlinux kernel: DMAR-IR: IOAPIC id 2 under DRHD base  0xfed91000 IOMMU 2
birž. 17 23:59:13 archlinux kernel: DMAR-IR: HPET id 0 under DRHD base 0xfed91000
birž. 17 23:59:13 archlinux kernel: DMAR-IR: Queued invalidation will be enabled to support x2apic and Intr-remapping.
birž. 17 23:59:13 archlinux kernel: DMAR-IR: Enabled IRQ remapping in x2apic mode
birž. 17 23:59:13 archlinux kernel: x2apic enabled
birž. 17 23:59:13 archlinux kernel: Switched APIC routing to cluster x2apic.
birž. 17 23:59:13 archlinux kernel: clocksource: tsc-early: mask: 0xffffffffffffffff max_cycles: 0x2cd5a8bb032, max_idle_ns: 440795365915 ns
birž. 17 23:59:13 archlinux kernel: Calibrating delay loop (skipped), value calculated using timer frequency.. 6223.00 BogoMIPS (lpj=10368000)
birž. 17 23:59:13 archlinux kernel: pid_max: default: 32768 minimum: 301
birž. 17 23:59:13 archlinux kernel: LSM: initializing lsm=capability,landlock,lockdown,yama,integrity,bpf,apparmor
birž. 17 23:59:13 archlinux kernel: landlock: Up and running.
birž. 17 23:59:13 archlinux kernel: Yama: becoming mindful.
birž. 17 23:59:13 archlinux kernel: LSM support for eBPF active
birž. 17 23:59:13 archlinux kernel: AppArmor: AppArmor initialized
birž. 17 23:59:13 archlinux kernel: Mount-cache hash table entries: 32768 (order: 6, 262144 bytes, linear)
birž. 17 23:59:13 archlinux kernel: Mountpoint-cache hash table entries: 32768 (order: 6, 262144 bytes, linear)
birž. 17 23:59:13 archlinux kernel: CPU0: Thermal monitoring enabled (TM1)
birž. 17 23:59:13 archlinux kernel: x86/cpu: User Mode Instruction Prevention (UMIP) activated
birž. 17 23:59:13 archlinux kernel: process: using mwait in idle threads
birž. 17 23:59:13 archlinux kernel: CET detected: Indirect Branch Tracking enabled
birž. 17 23:59:13 archlinux kernel: Last level iTLB entries: 4KB 0, 2MB 0, 4MB 0
birž. 17 23:59:13 archlinux kernel: Last level dTLB entries: 4KB 0, 2MB 0, 4MB 0, 1GB 0
birž. 17 23:59:13 archlinux kernel: Spectre V1 : Mitigation: usercopy/swapgs barriers and __user pointer sanitization
birž. 17 23:59:13 archlinux kernel: Spectre V2 : Mitigation: Enhanced / Automatic IBRS
birž. 17 23:59:13 archlinux kernel: Spectre V2 : Spectre v2 / SpectreRSB mitigation: Filling RSB on context switch
birž. 17 23:59:13 archlinux kernel: Spectre V2 : Spectre v2 / PBRSB-eIBRS: Retire a single CALL on VMEXIT
birž. 17 23:59:13 archlinux kernel: Spectre V2 : mitigation: Enabling conditional Indirect Branch Prediction Barrier
birž. 17 23:59:13 archlinux kernel: Speculative Store Bypass: Mitigation: Speculative Store Bypass disabled via prctl
birž. 17 23:59:13 archlinux kernel: Freeing SMP alternatives memory: 40K
birž. 17 23:59:13 archlinux kernel: smpboot: CPU0: 11th Gen Intel(R) Core(TM) i5-11300H @ 3.10GHz (family: 0x6, model: 0x8c, stepping: 0x1)
birž. 17 23:59:13 archlinux kernel: cblist_init_generic: Setting adjustable number of callback queues.
birž. 17 23:59:13 archlinux kernel: cblist_init_generic: Setting shift to 3 and lim to 1.
birž. 17 23:59:13 archlinux kernel: cblist_init_generic: Setting shift to 3 and lim to 1.
birž. 17 23:59:13 archlinux kernel: cblist_init_generic: Setting shift to 3 and lim to 1.
birž. 17 23:59:13 archlinux kernel: Performance Events: PEBS fmt4+-baseline,  AnyThread deprecated, Icelake events, 32-deep LBR, full-width counters, Intel PMU driver.
birž. 17 23:59:13 archlinux kernel: ... version:                5
birž. 17 23:59:13 archlinux kernel: ... bit width:              48
birž. 17 23:59:13 archlinux kernel: ... generic registers:      8
birž. 17 23:59:13 archlinux kernel: ... value mask:             0000ffffffffffff
birž. 17 23:59:13 archlinux kernel: ... max period:             00007fffffffffff
birž. 17 23:59:13 archlinux kernel: ... fixed-purpose events:   4
birž. 17 23:59:13 archlinux kernel: ... event mask:             0001000f000000ff
birž. 17 23:59:13 archlinux kernel: Estimated ratio of average max frequency by base frequency (times 1024): 1321
birž. 17 23:59:13 archlinux kernel: rcu: Hierarchical SRCU implementation.
birž. 17 23:59:13 archlinux kernel: rcu:         Max phase no-delay instances is 1000.
birž. 17 23:59:13 archlinux kernel: NMI watchdog: Enabled. Permanently consumes one hw-PMU counter.
birž. 17 23:59:13 archlinux kernel: smp: Bringing up secondary CPUs ...
birž. 17 23:59:13 archlinux kernel: x86: Booting SMP configuration:
birž. 17 23:59:13 archlinux kernel: .... node  #0, CPUs:      #1 #2 #3 #4 #5 #6 #7
birž. 17 23:59:13 archlinux kernel: smp: Brought up 1 node, 8 CPUs
birž. 17 23:59:13 archlinux kernel: smpboot: Max logical packages: 1
birž. 17 23:59:13 archlinux kernel: smpboot: Total of 8 processors activated (49786.00 BogoMIPS)
birž. 17 23:59:13 archlinux kernel: devtmpfs: initialized
birž. 17 23:59:13 archlinux kernel: x86/mm: Memory block size: 128MB
birž. 17 23:59:13 archlinux kernel: ACPI: PM: Registering ACPI NVS region [mem 0x452ff000-0x45b2efff] (8585216 bytes)
birž. 17 23:59:13 archlinux kernel: clocksource: jiffies: mask: 0xffffffff max_cycles: 0xffffffff, max_idle_ns: 6370867519511994 ns
birž. 17 23:59:13 archlinux kernel: futex hash table entries: 2048 (order: 5, 131072 bytes, linear)
birž. 17 23:59:13 archlinux kernel: pinctrl core: initialized pinctrl subsystem
birž. 17 23:59:13 archlinux kernel: PM: RTC time: 20:59:10, date: 2023-06-17
birž. 17 23:59:13 archlinux kernel: NET: Registered PF_NETLINK/PF_ROUTE protocol family
birž. 17 23:59:13 archlinux kernel: DMA: preallocated 2048 KiB GFP_KERNEL pool for atomic allocations
birž. 17 23:59:13 archlinux kernel: DMA: preallocated 2048 KiB GFP_KERNEL|GFP_DMA pool for atomic allocations
birž. 17 23:59:13 archlinux kernel: DMA: preallocated 2048 KiB GFP_KERNEL|GFP_DMA32 pool for atomic allocations
birž. 17 23:59:13 archlinux kernel: audit: initializing netlink subsys (disabled)
birž. 17 23:59:13 archlinux kernel: audit: type=2000 audit(1687035550.016:1): state=initialized audit_enabled=0 res=1
birž. 17 23:59:13 archlinux kernel: thermal_sys: Registered thermal governor 'fair_share'
birž. 17 23:59:13 archlinux kernel: thermal_sys: Registered thermal governor 'bang_bang'
birž. 17 23:59:13 archlinux kernel: thermal_sys: Registered thermal governor 'step_wise'
birž. 17 23:59:13 archlinux kernel: thermal_sys: Registered thermal governor 'user_space'
birž. 17 23:59:13 archlinux kernel: thermal_sys: Registered thermal governor 'power_allocator'
birž. 17 23:59:13 archlinux kernel: cpuidle: using governor ladder
birž. 17 23:59:13 archlinux kernel: cpuidle: using governor menu
birž. 17 23:59:13 archlinux kernel: acpiphp: ACPI Hot Plug PCI Controller Driver version: 0.5
birž. 17 23:59:13 archlinux kernel: PCI: MMCONFIG for domain 0000 [bus 00-2d] at [mem 0xc0000000-0xc2dfffff] (base 0xc0000000)
birž. 17 23:59:13 archlinux kernel: PCI: not using MMCONFIG
birž. 17 23:59:13 archlinux kernel: PCI: Using configuration type 1 for base access
birž. 17 23:59:13 archlinux kernel: ENERGY_PERF_BIAS: Set to 'normal', was 'performance'
birž. 17 23:59:13 archlinux kernel: kprobes: kprobe jump-optimization is enabled. All kprobes are optimized if possible.
birž. 17 23:59:13 archlinux kernel: HugeTLB: registered 1.00 GiB page size, pre-allocated 0 pages
birž. 17 23:59:13 archlinux kernel: HugeTLB: 16380 KiB vmemmap can be freed for a 1.00 GiB page
birž. 17 23:59:13 archlinux kernel: HugeTLB: registered 2.00 MiB page size, pre-allocated 0 pages
birž. 17 23:59:13 archlinux kernel: HugeTLB: 28 KiB vmemmap can be freed for a 2.00 MiB page
birž. 17 23:59:13 archlinux kernel: ACPI: Added _OSI(Module Device)
birž. 17 23:59:13 archlinux kernel: ACPI: Added _OSI(Processor Device)
birž. 17 23:59:13 archlinux kernel: ACPI: Added _OSI(3.0 _SCP Extensions)
birž. 17 23:59:13 archlinux kernel: ACPI: Added _OSI(Processor Aggregator Device)
birž. 17 23:59:13 archlinux kernel: ACPI BIOS Error (bug): Could not resolve symbol [\_SB.PC00.I2C0.TPL1], AE_NOT_FOUND (20221020/dswload2-162)
birž. 17 23:59:13 archlinux kernel: ACPI Error: AE_NOT_FOUND, During name lookup/catalog (20221020/psobject-220)
birž. 17 23:59:13 archlinux kernel: ACPI: Skipping parse of AML opcode: Scope (0x0010)
birž. 17 23:59:13 archlinux kernel: ACPI: 16 ACPI AML tables successfully acquired and loaded
birž. 17 23:59:13 archlinux kernel: ACPI: EC: EC started
birž. 17 23:59:13 archlinux kernel: ACPI: EC: interrupt blocked
birž. 17 23:59:13 archlinux kernel: ACPI: EC: EC_CMD/EC_SC=0x66, EC_DATA=0x62
birž. 17 23:59:13 archlinux kernel: ACPI: EC: Boot ECDT EC used to handle transactions
birž. 17 23:59:13 archlinux kernel: ACPI: Dynamic OEM Table Load:
birž. 17 23:59:13 archlinux kernel: ACPI: SSDT 0xFFFF8FEC01F69800 0001C6 (v02 PmRef  Cpu0Psd  00003000 INTL 20160422)
birž. 17 23:59:13 archlinux kernel: ACPI: \_SB_.PR00: _OSC native thermal LVT Acked
birž. 17 23:59:13 archlinux kernel: ACPI: Dynamic OEM Table Load:
birž. 17 23:59:13 archlinux kernel: ACPI: SSDT 0xFFFF8FEC00FC0C00 000386 (v02 PmRef  Cpu0Cst  00003001 INTL 20160422)
birž. 17 23:59:13 archlinux kernel: ACPI: Dynamic OEM Table Load:
birž. 17 23:59:13 archlinux kernel: ACPI: SSDT 0xFFFF8FEC00FB9000 0006AA (v02 PmRef  Cpu0Ist  00003000 INTL 20160422)
birž. 17 23:59:13 archlinux kernel: ACPI: Dynamic OEM Table Load:
birž. 17 23:59:13 archlinux kernel: ACPI: SSDT 0xFFFF8FEC00FC2000 00028B (v02 PmRef  Cpu0Hwp  00003000 INTL 20160422)
birž. 17 23:59:13 archlinux kernel: ACPI: Dynamic OEM Table Load:
birž. 17 23:59:13 archlinux kernel: ACPI: SSDT 0xFFFF8FEC00FCC000 0008E7 (v02 PmRef  ApIst    00003000 INTL 20160422)
birž. 17 23:59:13 archlinux kernel: ACPI: Dynamic OEM Table Load:
birž. 17 23:59:13 archlinux kernel: ACPI: SSDT 0xFFFF8FEC00FBB800 00048A (v02 PmRef  ApHwp    00003000 INTL 20160422)
birž. 17 23:59:13 archlinux kernel: ACPI: Dynamic OEM Table Load:
birž. 17 23:59:13 archlinux kernel: ACPI: SSDT 0xFFFF8FEC00FBD000 0004D4 (v02 PmRef  ApPsd    00003000 INTL 20160422)
birž. 17 23:59:13 archlinux kernel: ACPI: Dynamic OEM Table Load:
birž. 17 23:59:13 archlinux kernel: ACPI: SSDT 0xFFFF8FEC00FBA800 00048A (v02 PmRef  ApCst    00003000 INTL 20160422)
birž. 17 23:59:13 archlinux kernel: ACPI: Interpreter enabled
birž. 17 23:59:13 archlinux kernel: ACPI: PM: (supports S0 S3 S4 S5)
birž. 17 23:59:13 archlinux kernel: ACPI: Using IOAPIC for interrupt routing
birž. 17 23:59:13 archlinux kernel: PCI: MMCONFIG for domain 0000 [bus 00-2d] at [mem 0xc0000000-0xc2dfffff] (base 0xc0000000)
birž. 17 23:59:13 archlinux kernel: PCI: MMCONFIG at [mem 0xc0000000-0xc2dfffff] reserved as ACPI motherboard resource
birž. 17 23:59:13 archlinux kernel: PCI: Using host bridge windows from ACPI; if necessary, use "pci=nocrs" and report a bug
birž. 17 23:59:13 archlinux kernel: PCI: Ignoring E820 reservations for host bridge windows
birž. 17 23:59:13 archlinux kernel: ACPI: Enabled 8 GPEs in block 00 to 7F
birž. 17 23:59:13 archlinux kernel: ACPI: \_SB_.PC00.PEG0.PCRP: New power resource
birž. 17 23:59:13 archlinux kernel: ACPI: \_SB_.PC00.XHCI.RHUB.HS10.BTRT: New power resource
birž. 17 23:59:13 archlinux kernel: ACPI: \_SB_.PC00.PAUD: New power resource
birž. 17 23:59:13 archlinux kernel: ACPI: \_SB_.PC00.SAT0.VOL0.V0PR: New power resource
birž. 17 23:59:13 archlinux kernel: ACPI: \_SB_.PC00.SAT0.VOL1.V1PR: New power resource
birž. 17 23:59:13 archlinux kernel: ACPI: \_SB_.PC00.SAT0.VOL2.V2PR: New power resource
birž. 17 23:59:13 archlinux kernel: ACPI: \_SB_.PC00.I2C0.PXTC: New power resource
birž. 17 23:59:13 archlinux kernel: ACPI: \_SB_.PC00.I2C0.PTPL: New power resource
birž. 17 23:59:13 archlinux kernel: ACPI: \_SB_.PC00.CNVW.WRST: New power resource
birž. 17 23:59:13 archlinux kernel: ACPI: \_SB_.PC00.TBT0: New power resource
birž. 17 23:59:13 archlinux kernel: ACPI: \_SB_.PC00.TBT1: New power resource
birž. 17 23:59:13 archlinux kernel: ACPI: \_SB_.PC00.D3C_: New power resource
birž. 17 23:59:13 archlinux kernel: ACPI: \_TZ_.FN00: New power resource
birž. 17 23:59:13 archlinux kernel: ACPI: \_TZ_.FN01: New power resource
birž. 17 23:59:13 archlinux kernel: ACPI: \_TZ_.FN02: New power resource
birž. 17 23:59:13 archlinux kernel: ACPI: \_TZ_.FN03: New power resource
birž. 17 23:59:13 archlinux kernel: ACPI: \_TZ_.FN04: New power resource
birž. 17 23:59:13 archlinux kernel: ACPI: \PIN_: New power resource
birž. 17 23:59:13 archlinux kernel: ACPI: PCI Root Bridge [PC00] (domain 0000 [bus 00-fe])
birž. 17 23:59:13 archlinux kernel: acpi PNP0A08:00: _OSC: OS supports [ExtendedConfig ASPM ClockPM Segments MSI EDR HPX-Type3]
birž. 17 23:59:13 archlinux kernel: acpi PNP0A08:00: _OSC: platform does not support [AER]
birž. 17 23:59:13 archlinux kernel: acpi PNP0A08:00: _OSC: OS now controls [PCIeHotplug SHPCHotplug PME PCIeCapability LTR DPC]
birž. 17 23:59:13 archlinux kernel: acpi PNP0A08:00: [Firmware Info]: MMCONFIG for domain 0000 [bus 00-2d] only partially covers this bridge
birž. 17 23:59:13 archlinux kernel: PCI host bridge to bus 0000:00
birž. 17 23:59:13 archlinux kernel: pci_bus 0000:00: root bus resource [io  0x0000-0x0cf7 window]
birž. 17 23:59:13 archlinux kernel: pci_bus 0000:00: root bus resource [io  0x0d00-0xffff window]
birž. 17 23:59:13 archlinux kernel: pci_bus 0000:00: root bus resource [mem 0x000a0000-0x000bffff window]
birž. 17 23:59:13 archlinux kernel: pci_bus 0000:00: root bus resource [mem 0x50400000-0xbfffffff window]
birž. 17 23:59:13 archlinux kernel: pci_bus 0000:00: root bus resource [mem 0x4000000000-0x7fffffffff window]
birž. 17 23:59:13 archlinux kernel: pci_bus 0000:00: root bus resource [bus 00-fe]
birž. 17 23:59:13 archlinux kernel: pci 0000:00:00.0: [8086:9a14] type 00 class 0x060000
birž. 17 23:59:13 archlinux kernel: pci 0000:00:02.0: [8086:9a49] type 00 class 0x030000
birž. 17 23:59:13 archlinux kernel: pci 0000:00:02.0: reg 0x10: [mem 0x601c000000-0x601cffffff 64bit]
birž. 17 23:59:13 archlinux kernel: pci 0000:00:02.0: reg 0x18: [mem 0x4000000000-0x400fffffff 64bit pref]
birž. 17 23:59:13 archlinux kernel: pci 0000:00:02.0: reg 0x20: [io  0x4000-0x403f]
birž. 17 23:59:13 archlinux kernel: pci 0000:00:02.0: BAR 2: assigned to efifb
birž. 17 23:59:13 archlinux kernel: pci 0000:00:02.0: DMAR: Skip IOMMU disabling for graphics
birž. 17 23:59:13 archlinux kernel: pci 0000:00:02.0: Video device with shadowed ROM at [mem 0x000c0000-0x000dffff]
birž. 17 23:59:13 archlinux kernel: pci 0000:00:02.0: reg 0x344: [mem 0x00000000-0x00ffffff 64bit]
birž. 17 23:59:13 archlinux kernel: pci 0000:00:02.0: VF(n) BAR0 space: [mem 0x00000000-0x06ffffff 64bit] (contains BAR0 for 7 VFs)
birž. 17 23:59:13 archlinux kernel: pci 0000:00:02.0: reg 0x34c: [mem 0x00000000-0x1fffffff 64bit pref]
birž. 17 23:59:13 archlinux kernel: pci 0000:00:02.0: VF(n) BAR2 space: [mem 0x00000000-0xdfffffff 64bit pref] (contains BAR2 for 7 VFs)
birž. 17 23:59:13 archlinux kernel: pci 0000:00:04.0: [8086:9a03] type 00 class 0x118000
birž. 17 23:59:13 archlinux kernel: pci 0000:00:04.0: reg 0x10: [mem 0x601d140000-0x601d15ffff 64bit]
birž. 17 23:59:13 archlinux kernel: pci 0000:00:06.0: [8086:9a09] type 01 class 0x060400
birž. 17 23:59:13 archlinux kernel: pci 0000:00:06.0: PME# supported from D0 D3hot D3cold
birž. 17 23:59:13 archlinux kernel: pci 0000:00:06.0: PTM enabled (root), 4ns granularity
birž. 17 23:59:13 archlinux kernel: pci 0000:00:07.0: [8086:9a29] type 01 class 0x060400
birž. 17 23:59:13 archlinux kernel: pci 0000:00:07.0: Overriding RP PIO Log Size to 4
birž. 17 23:59:13 archlinux kernel: pci 0000:00:07.0: PME# supported from D0 D3hot D3cold
birž. 17 23:59:13 archlinux kernel: pci 0000:00:0a.0: [8086:9a0d] type 00 class 0x118000
birž. 17 23:59:13 archlinux kernel: pci 0000:00:0a.0: reg 0x10: [mem 0x601d180000-0x601d187fff 64bit]
birž. 17 23:59:13 archlinux kernel: pci 0000:00:0a.0: enabling Extended Tags
birž. 17 23:59:13 archlinux kernel: pci 0000:00:0d.0: [8086:9a13] type 00 class 0x0c0330
birž. 17 23:59:13 archlinux kernel: pci 0000:00:0d.0: reg 0x10: [mem 0x601d170000-0x601d17ffff 64bit]
birž. 17 23:59:13 archlinux kernel: pci 0000:00:0d.0: PME# supported from D3hot D3cold
birž. 17 23:59:13 archlinux kernel: pci 0000:00:0d.3: [8086:9a1d] type 00 class 0x0c0340
birž. 17 23:59:13 archlinux kernel: pci 0000:00:0d.3: reg 0x10: [mem 0x601d100000-0x601d13ffff 64bit]
birž. 17 23:59:13 archlinux kernel: pci 0000:00:0d.3: reg 0x18: [mem 0x601d198000-0x601d198fff 64bit]
birž. 17 23:59:13 archlinux kernel: pci 0000:00:0d.3: supports D1 D2
birž. 17 23:59:13 archlinux kernel: pci 0000:00:0d.3: PME# supported from D0 D1 D2 D3hot D3cold
birž. 17 23:59:13 archlinux kernel: pci 0000:00:12.0: [8086:a0fc] type 00 class 0x070000
birž. 17 23:59:13 archlinux kernel: pci 0000:00:12.0: reg 0x10: [mem 0x601d160000-0x601d16ffff 64bit]
birž. 17 23:59:13 archlinux kernel: pci 0000:00:12.0: PME# supported from D0 D3hot
birž. 17 23:59:13 archlinux kernel: pci 0000:00:14.0: [8086:a0ed] type 00 class 0x0c0330
birž. 17 23:59:13 archlinux kernel: pci 0000:00:14.0: reg 0x10: [mem 0x5e480000-0x5e48ffff 64bit]
birž. 17 23:59:13 archlinux kernel: pci 0000:00:14.0: PME# supported from D3hot D3cold
birž. 17 23:59:13 archlinux kernel: pci 0000:00:14.2: [8086:a0ef] type 00 class 0x050000
birž. 17 23:59:13 archlinux kernel: pci 0000:00:14.2: reg 0x10: [mem 0x601d190000-0x601d193fff 64bit]
birž. 17 23:59:13 archlinux kernel: pci 0000:00:14.2: reg 0x18: [mem 0x601d197000-0x601d197fff 64bit]
birž. 17 23:59:13 archlinux kernel: pci 0000:00:14.3: [8086:a0f0] type 00 class 0x028000
birž. 17 23:59:13 archlinux kernel: pci 0000:00:14.3: reg 0x10: [mem 0x601d18c000-0x601d18ffff 64bit]
birž. 17 23:59:13 archlinux kernel: pci 0000:00:14.3: PME# supported from D0 D3hot D3cold
birž. 17 23:59:13 archlinux kernel: pci 0000:00:15.0: [8086:a0e8] type 00 class 0x0c8000
birž. 17 23:59:13 archlinux kernel: pci 0000:00:15.0: reg 0x10: [mem 0x00000000-0x00000fff 64bit]
birž. 17 23:59:13 archlinux kernel: pci 0000:00:16.0: [8086:a0e0] type 00 class 0x078000
birž. 17 23:59:13 archlinux kernel: pci 0000:00:16.0: reg 0x10: [mem 0x601d195000-0x601d195fff 64bit]
birž. 17 23:59:13 archlinux kernel: pci 0000:00:16.0: PME# supported from D3hot
birž. 17 23:59:13 archlinux kernel: pci 0000:00:1c.0: [8086:a0bb] type 01 class 0x060400
birž. 17 23:59:13 archlinux kernel: pci 0000:00:1c.0: PME# supported from D0 D3hot D3cold
birž. 17 23:59:13 archlinux kernel: pci 0000:00:1c.0: PTM enabled (root), 4ns granularity
birž. 17 23:59:13 archlinux kernel: pci 0000:00:1d.0: [8086:a0b0] type 01 class 0x060400
birž. 17 23:59:13 archlinux kernel: pci 0000:00:1d.0: PME# supported from D0 D3hot D3cold
birž. 17 23:59:13 archlinux kernel: pci 0000:00:1d.0: PTM enabled (root), 4ns granularity
birž. 17 23:59:13 archlinux kernel: pci 0000:00:1f.0: [8086:a082] type 00 class 0x060100
birž. 17 23:59:13 archlinux kernel: pci 0000:00:1f.3: [8086:a0c8] type 00 class 0x040100
birž. 17 23:59:13 archlinux kernel: pci 0000:00:1f.3: reg 0x10: [mem 0x601d188000-0x601d18bfff 64bit]
birž. 17 23:59:13 archlinux kernel: pci 0000:00:1f.3: reg 0x20: [mem 0x601d000000-0x601d0fffff 64bit]
birž. 17 23:59:13 archlinux kernel: pci 0000:00:1f.3: PME# supported from D3hot D3cold
birž. 17 23:59:13 archlinux kernel: pci 0000:00:1f.4: [8086:a0a3] type 00 class 0x0c0500
birž. 17 23:59:13 archlinux kernel: pci 0000:00:1f.4: reg 0x10: [mem 0x601d194000-0x601d1940ff 64bit]
birž. 17 23:59:13 archlinux kernel: pci 0000:00:1f.4: reg 0x20: [io  0xefa0-0xefbf]
birž. 17 23:59:13 archlinux kernel: pci 0000:00:1f.5: [8086:a0a4] type 00 class 0x0c8000
birž. 17 23:59:13 archlinux kernel: pci 0000:00:1f.5: reg 0x10: [mem 0xfe010000-0xfe010fff]
birž. 17 23:59:13 archlinux kernel: pci 0000:01:00.0: [10de:1f97] type 00 class 0x030200
birž. 17 23:59:13 archlinux kernel: pci 0000:01:00.0: reg 0x10: [mem 0x5f000000-0x5fffffff]
birž. 17 23:59:13 archlinux kernel: pci 0000:01:00.0: reg 0x14: [mem 0x6020000000-0x602fffffff 64bit pref]
birž. 17 23:59:13 archlinux kernel: pci 0000:01:00.0: reg 0x1c: [mem 0x6030000000-0x6031ffffff 64bit pref]
birž. 17 23:59:13 archlinux kernel: pci 0000:01:00.0: reg 0x24: [io  0x3000-0x307f]
birž. 17 23:59:13 archlinux kernel: pci 0000:01:00.0: reg 0x30: [mem 0xfff80000-0xffffffff pref]
birž. 17 23:59:13 archlinux kernel: pci 0000:01:00.0: PME# supported from D0 D3hot D3cold
birž. 17 23:59:13 archlinux kernel: pci 0000:01:00.0: 63.012 Gb/s available PCIe bandwidth, limited by 16.0 GT/s PCIe x4 link at 0000:00:06.0 (capable of 252.048 Gb/s with 16.0 GT/s PCIe x16 link)
birž. 17 23:59:13 archlinux kernel: pci 0000:00:06.0: PCI bridge to [bus 01]
birž. 17 23:59:13 archlinux kernel: pci 0000:00:06.0:   bridge window [io  0x3000-0x3fff]
birž. 17 23:59:13 archlinux kernel: pci 0000:00:06.0:   bridge window [mem 0x5f000000-0x5fffffff]
birž. 17 23:59:13 archlinux kernel: pci 0000:00:06.0:   bridge window [mem 0x6020000000-0x6031ffffff 64bit pref]
birž. 17 23:59:13 archlinux kernel: pci 0000:00:07.0: PCI bridge to [bus 02-2b]
birž. 17 23:59:13 archlinux kernel: pci 0000:00:07.0:   bridge window [mem 0x52000000-0x5e1fffff]
birž. 17 23:59:13 archlinux kernel: pci 0000:00:07.0:   bridge window [mem 0x6000000000-0x601bffffff 64bit pref]
birž. 17 23:59:13 archlinux kernel: pci 0000:2c:00.0: [1217:8621] type 00 class 0x080501
birž. 17 23:59:13 archlinux kernel: pci 0000:2c:00.0: reg 0x10: [mem 0x5e301000-0x5e301fff]
birž. 17 23:59:13 archlinux kernel: pci 0000:2c:00.0: reg 0x14: [mem 0x5e300000-0x5e3007ff]
birž. 17 23:59:13 archlinux kernel: pci 0000:2c:00.0: PME# supported from D3hot D3cold
birž. 17 23:59:13 archlinux kernel: pci 0000:00:1c.0: PCI bridge to [bus 2c]
birž. 17 23:59:13 archlinux kernel: pci 0000:00:1c.0:   bridge window [mem 0x5e300000-0x5e3fffff]
birž. 17 23:59:13 archlinux kernel: pci 0000:2d:00.0: [1d97:2269] type 00 class 0x010802
birž. 17 23:59:13 archlinux kernel: pci 0000:2d:00.0: reg 0x10: [mem 0x5e200000-0x5e203fff 64bit]
birž. 17 23:59:13 archlinux kernel: pci 0000:2d:00.0: 31.504 Gb/s available PCIe bandwidth, limited by 8.0 GT/s PCIe x4 link at 0000:00:1d.0 (capable of 63.012 Gb/s with 16.0 GT/s PCIe x4 link)
birž. 17 23:59:13 archlinux kernel: pci 0000:00:1d.0: PCI bridge to [bus 2d]
birž. 17 23:59:13 archlinux kernel: pci 0000:00:1d.0:   bridge window [mem 0x5e200000-0x5e2fffff]
birž. 17 23:59:13 archlinux kernel: Low-power S0 idle used by default for system suspend
birž. 17 23:59:13 archlinux kernel: ACPI: EC: interrupt unblocked
birž. 17 23:59:13 archlinux kernel: ACPI: EC: event unblocked
birž. 17 23:59:13 archlinux kernel: ACPI: EC: EC_CMD/EC_SC=0x66, EC_DATA=0x62
birž. 17 23:59:13 archlinux kernel: ACPI: EC: GPE=0x6e
birž. 17 23:59:13 archlinux kernel: ACPI: \_SB_.PC00.LPCB.H_EC: Boot ECDT EC initialization complete
birž. 17 23:59:13 archlinux kernel: ACPI: \_SB_.PC00.LPCB.H_EC: EC: Used to handle transactions and events
birž. 17 23:59:13 archlinux kernel: iommu: Default domain type: Translated 
birž. 17 23:59:13 archlinux kernel: iommu: DMA domain TLB invalidation policy: lazy mode 
birž. 17 23:59:13 archlinux kernel: SCSI subsystem initialized
birž. 17 23:59:13 archlinux kernel: libata version 3.00 loaded.
birž. 17 23:59:13 archlinux kernel: ACPI: bus type USB registered
birž. 17 23:59:13 archlinux kernel: usbcore: registered new interface driver usbfs
birž. 17 23:59:13 archlinux kernel: usbcore: registered new interface driver hub
birž. 17 23:59:13 archlinux kernel: usbcore: registered new device driver usb
birž. 17 23:59:13 archlinux kernel: pps_core: LinuxPPS API ver. 1 registered
birž. 17 23:59:13 archlinux kernel: pps_core: Software ver. 5.3.6 - Copyright 2005-2007 Rodolfo Giometti <giometti@linux.it>
birž. 17 23:59:13 archlinux kernel: PTP clock support registered
birž. 17 23:59:13 archlinux kernel: EDAC MC: Ver: 3.0.0
birž. 17 23:59:13 archlinux kernel: efivars: Registered efivars operations
birž. 17 23:59:13 archlinux kernel: NetLabel: Initializing
birž. 17 23:59:13 archlinux kernel: NetLabel:  domain hash size = 128
birž. 17 23:59:13 archlinux kernel: NetLabel:  protocols = UNLABELED CIPSOv4 CALIPSO
birž. 17 23:59:13 archlinux kernel: NetLabel:  unlabeled traffic allowed by default
birž. 17 23:59:13 archlinux kernel: mctp: management component transport protocol core
birž. 17 23:59:13 archlinux kernel: NET: Registered PF_MCTP protocol family
birž. 17 23:59:13 archlinux kernel: PCI: Using ACPI for IRQ routing
birž. 17 23:59:13 archlinux kernel: PCI: pci_cache_line_size set to 64 bytes
birž. 17 23:59:13 archlinux kernel: pci 0000:00:1f.5: can't claim BAR 0 [mem 0xfe010000-0xfe010fff]: no compatible bridge window
birž. 17 23:59:13 archlinux kernel: e820: reserve RAM buffer [mem 0x0009f000-0x0009ffff]
birž. 17 23:59:13 archlinux kernel: e820: reserve RAM buffer [mem 0x39f99000-0x3bffffff]
birž. 17 23:59:13 archlinux kernel: e820: reserve RAM buffer [mem 0x3f334000-0x3fffffff]
birž. 17 23:59:13 archlinux kernel: e820: reserve RAM buffer [mem 0x434af000-0x43ffffff]
birž. 17 23:59:13 archlinux kernel: e820: reserve RAM buffer [mem 0x45c00000-0x47ffffff]
birž. 17 23:59:13 archlinux kernel: e820: reserve RAM buffer [mem 0x4afc00000-0x4afffffff]
birž. 17 23:59:13 archlinux kernel: pci 0000:00:02.0: vgaarb: setting as boot VGA device
birž. 17 23:59:13 archlinux kernel: pci 0000:00:02.0: vgaarb: bridge control possible
birž. 17 23:59:13 archlinux kernel: pci 0000:00:02.0: vgaarb: VGA device added: decodes=io+mem,owns=io+mem,locks=none
birž. 17 23:59:13 archlinux kernel: vgaarb: loaded
birž. 17 23:59:13 archlinux kernel: clocksource: Switched to clocksource tsc-early
birž. 17 23:59:13 archlinux kernel: VFS: Disk quotas dquot_6.6.0
birž. 17 23:59:13 archlinux kernel: VFS: Dquot-cache hash table entries: 512 (order 0, 4096 bytes)
birž. 17 23:59:13 archlinux kernel: AppArmor: AppArmor Filesystem Enabled
birž. 17 23:59:13 archlinux kernel: pnp: PnP ACPI init
birž. 17 23:59:13 archlinux kernel: system 00:00: [io  0x0680-0x069f] has been reserved
birž. 17 23:59:13 archlinux kernel: system 00:00: [io  0x164e-0x164f] has been reserved
birž. 17 23:59:13 archlinux kernel: system 00:01: [io  0x1854-0x1857] has been reserved
birž. 17 23:59:13 archlinux kernel: pnp 00:03: disabling [mem 0xc0000000-0xcfffffff] because it overlaps 0000:00:02.0 BAR 9 [mem 0x00000000-0xdfffffff 64bit pref]
birž. 17 23:59:13 archlinux kernel: system 00:03: [mem 0xfedc0000-0xfedc7fff] has been reserved
birž. 17 23:59:13 archlinux kernel: system 00:03: [mem 0xfeda0000-0xfeda0fff] has been reserved
birž. 17 23:59:13 archlinux kernel: system 00:03: [mem 0xfeda1000-0xfeda1fff] has been reserved
birž. 17 23:59:13 archlinux kernel: system 00:03: [mem 0xfed20000-0xfed7ffff] could not be reserved
birž. 17 23:59:13 archlinux kernel: system 00:03: [mem 0xfed90000-0xfed93fff] could not be reserved
birž. 17 23:59:13 archlinux kernel: system 00:03: [mem 0xfed45000-0xfed8ffff] could not be reserved
birž. 17 23:59:13 archlinux kernel: system 00:03: [mem 0xfee00000-0xfeefffff] has been reserved
birž. 17 23:59:13 archlinux kernel: system 00:04: [io  0x1800-0x18fe] could not be reserved
birž. 17 23:59:13 archlinux kernel: system 00:04: [mem 0xfe000000-0xfe01ffff] could not be reserved
birž. 17 23:59:13 archlinux kernel: system 00:04: [mem 0xfe04c000-0xfe04ffff] has been reserved
birž. 17 23:59:13 archlinux kernel: system 00:04: [mem 0xfe050000-0xfe0affff] has been reserved
birž. 17 23:59:13 archlinux kernel: system 00:04: [mem 0xfe0d0000-0xfe0fffff] has been reserved
birž. 17 23:59:13 archlinux kernel: system 00:04: [mem 0xfe200000-0xfe7fffff] has been reserved
birž. 17 23:59:13 archlinux kernel: system 00:04: [mem 0xff000000-0xffffffff] has been reserved
birž. 17 23:59:13 archlinux kernel: system 00:04: [mem 0xfd000000-0xfd68ffff] has been reserved
birž. 17 23:59:13 archlinux kernel: system 00:04: [mem 0xfd6b0000-0xfd6cffff] has been reserved
birž. 17 23:59:13 archlinux kernel: system 00:04: [mem 0xfd6f0000-0xfdffffff] has been reserved
birž. 17 23:59:13 archlinux kernel: system 00:05: [io  0x2000-0x20fe] has been reserved
birž. 17 23:59:13 archlinux kernel: pnp: PnP ACPI: found 7 devices
birž. 17 23:59:13 archlinux kernel: clocksource: acpi_pm: mask: 0xffffff max_cycles: 0xffffff, max_idle_ns: 2085701024 ns
birž. 17 23:59:13 archlinux kernel: NET: Registered PF_INET protocol family
birž. 17 23:59:13 archlinux kernel: IP idents hash table entries: 262144 (order: 9, 2097152 bytes, linear)
birž. 17 23:59:13 archlinux kernel: tcp_listen_portaddr_hash hash table entries: 8192 (order: 5, 131072 bytes, linear)
birž. 17 23:59:13 archlinux kernel: Table-perturb hash table entries: 65536 (order: 6, 262144 bytes, linear)
birž. 17 23:59:13 archlinux kernel: TCP established hash table entries: 131072 (order: 8, 1048576 bytes, linear)
birž. 17 23:59:13 archlinux kernel: TCP bind hash table entries: 65536 (order: 9, 2097152 bytes, linear)
birž. 17 23:59:13 archlinux kernel: TCP: Hash tables configured (established 131072 bind 65536)
birž. 17 23:59:13 archlinux kernel: MPTCP token hash table entries: 16384 (order: 6, 393216 bytes, linear)
birž. 17 23:59:13 archlinux kernel: UDP hash table entries: 8192 (order: 6, 262144 bytes, linear)
birž. 17 23:59:13 archlinux kernel: UDP-Lite hash table entries: 8192 (order: 6, 262144 bytes, linear)
birž. 17 23:59:13 archlinux kernel: NET: Registered PF_UNIX/PF_LOCAL protocol family
birž. 17 23:59:13 archlinux kernel: NET: Registered PF_XDP protocol family
birž. 17 23:59:13 archlinux kernel: pci 0000:01:00.0: can't claim BAR 6 [mem 0xfff80000-0xffffffff pref]: no compatible bridge window
birž. 17 23:59:13 archlinux kernel: pci 0000:00:07.0: bridge window [io  0x1000-0x0fff] to [bus 02-2b] add_size 1000
birž. 17 23:59:13 archlinux kernel: pci 0000:00:02.0: BAR 9: assigned [mem 0x4020000000-0x40ffffffff 64bit pref]
birž. 17 23:59:13 archlinux kernel: pci 0000:00:02.0: BAR 7: assigned [mem 0x4010000000-0x4016ffffff 64bit]
birž. 17 23:59:13 archlinux kernel: pci 0000:00:07.0: BAR 13: assigned [io  0x5000-0x5fff]
birž. 17 23:59:13 archlinux kernel: pci 0000:00:15.0: BAR 0: assigned [mem 0x4017000000-0x4017000fff 64bit]
birž. 17 23:59:13 archlinux kernel: pci 0000:00:1f.5: BAR 0: assigned [mem 0x50400000-0x50400fff]
birž. 17 23:59:13 archlinux kernel: pci 0000:01:00.0: BAR 6: no space for [mem size 0x00080000 pref]
birž. 17 23:59:13 archlinux kernel: pci 0000:01:00.0: BAR 6: failed to assign [mem size 0x00080000 pref]
birž. 17 23:59:13 archlinux kernel: pci 0000:00:06.0: PCI bridge to [bus 01]
birž. 17 23:59:13 archlinux kernel: pci 0000:00:06.0:   bridge window [io  0x3000-0x3fff]
birž. 17 23:59:13 archlinux kernel: pci 0000:00:06.0:   bridge window [mem 0x5f000000-0x5fffffff]
birž. 17 23:59:13 archlinux kernel: pci 0000:00:06.0:   bridge window [mem 0x6020000000-0x6031ffffff 64bit pref]
birž. 17 23:59:13 archlinux kernel: pci 0000:00:07.0: PCI bridge to [bus 02-2b]
birž. 17 23:59:13 archlinux kernel: pci 0000:00:07.0:   bridge window [io  0x5000-0x5fff]
birž. 17 23:59:13 archlinux kernel: pci 0000:00:07.0:   bridge window [mem 0x52000000-0x5e1fffff]
birž. 17 23:59:13 archlinux kernel: pci 0000:00:07.0:   bridge window [mem 0x6000000000-0x601bffffff 64bit pref]
birž. 17 23:59:13 archlinux kernel: pci 0000:00:1c.0: PCI bridge to [bus 2c]
birž. 17 23:59:13 archlinux kernel: pci 0000:00:1c.0:   bridge window [mem 0x5e300000-0x5e3fffff]
birž. 17 23:59:13 archlinux kernel: pci 0000:00:1d.0: PCI bridge to [bus 2d]
birž. 17 23:59:13 archlinux kernel: pci 0000:00:1d.0:   bridge window [mem 0x5e200000-0x5e2fffff]
birž. 17 23:59:13 archlinux kernel: pci_bus 0000:00: resource 4 [io  0x0000-0x0cf7 window]
birž. 17 23:59:13 archlinux kernel: pci_bus 0000:00: resource 5 [io  0x0d00-0xffff window]
birž. 17 23:59:13 archlinux kernel: pci_bus 0000:00: resource 6 [mem 0x000a0000-0x000bffff window]
birž. 17 23:59:13 archlinux kernel: pci_bus 0000:00: resource 7 [mem 0x50400000-0xbfffffff window]
birž. 17 23:59:13 archlinux kernel: pci_bus 0000:00: resource 8 [mem 0x4000000000-0x7fffffffff window]
birž. 17 23:59:13 archlinux kernel: pci_bus 0000:01: resource 0 [io  0x3000-0x3fff]
birž. 17 23:59:13 archlinux kernel: pci_bus 0000:01: resource 1 [mem 0x5f000000-0x5fffffff]
birž. 17 23:59:13 archlinux kernel: pci_bus 0000:01: resource 2 [mem 0x6020000000-0x6031ffffff 64bit pref]
birž. 17 23:59:13 archlinux kernel: pci_bus 0000:02: resource 0 [io  0x5000-0x5fff]
birž. 17 23:59:13 archlinux kernel: pci_bus 0000:02: resource 1 [mem 0x52000000-0x5e1fffff]
birž. 17 23:59:13 archlinux kernel: pci_bus 0000:02: resource 2 [mem 0x6000000000-0x601bffffff 64bit pref]
birž. 17 23:59:13 archlinux kernel: pci_bus 0000:2c: resource 1 [mem 0x5e300000-0x5e3fffff]
birž. 17 23:59:13 archlinux kernel: pci_bus 0000:2d: resource 1 [mem 0x5e200000-0x5e2fffff]
birž. 17 23:59:13 archlinux kernel: PCI: CLS 64 bytes, default 64
birž. 17 23:59:13 archlinux kernel: DMAR: Intel-IOMMU force enabled due to platform opt in
birž. 17 23:59:13 archlinux kernel: DMAR: No ATSR found
birž. 17 23:59:13 archlinux kernel: DMAR: No SATC found
birž. 17 23:59:13 archlinux kernel: DMAR: IOMMU feature fl1gp_support inconsistent
birž. 17 23:59:13 archlinux kernel: DMAR: IOMMU feature pgsel_inv inconsistent
birž. 17 23:59:13 archlinux kernel: DMAR: IOMMU feature nwfs inconsistent
birž. 17 23:59:13 archlinux kernel: DMAR: IOMMU feature dit inconsistent
birž. 17 23:59:13 archlinux kernel: DMAR: IOMMU feature sc_support inconsistent
birž. 17 23:59:13 archlinux kernel: DMAR: IOMMU feature dev_iotlb_support inconsistent
birž. 17 23:59:13 archlinux kernel: DMAR: dmar1: Using Queued invalidation
birž. 17 23:59:13 archlinux kernel: DMAR: dmar0: Using Queued invalidation
birž. 17 23:59:13 archlinux kernel: DMAR: dmar2: Using Queued invalidation
birž. 17 23:59:13 archlinux kernel: Trying to unpack rootfs image as initramfs...
birž. 17 23:59:13 archlinux kernel: pci 0000:00:07.0: Adding to iommu group 0
birž. 17 23:59:13 archlinux kernel: pci 0000:00:02.0: Adding to iommu group 1
birž. 17 23:59:13 archlinux kernel: pci 0000:00:00.0: Adding to iommu group 2
birž. 17 23:59:13 archlinux kernel: pci 0000:00:04.0: Adding to iommu group 3
birž. 17 23:59:13 archlinux kernel: pci 0000:00:06.0: Adding to iommu group 4
birž. 17 23:59:13 archlinux kernel: pci 0000:00:0a.0: Adding to iommu group 5
birž. 17 23:59:13 archlinux kernel: pci 0000:00:0d.0: Adding to iommu group 6
birž. 17 23:59:13 archlinux kernel: pci 0000:00:0d.3: Adding to iommu group 6
birž. 17 23:59:13 archlinux kernel: pci 0000:00:12.0: Adding to iommu group 7
birž. 17 23:59:13 archlinux kernel: pci 0000:00:14.0: Adding to iommu group 8
birž. 17 23:59:13 archlinux kernel: pci 0000:00:14.2: Adding to iommu group 8
birž. 17 23:59:13 archlinux kernel: pci 0000:00:14.3: Adding to iommu group 9
birž. 17 23:59:13 archlinux kernel: pci 0000:00:15.0: Adding to iommu group 10
birž. 17 23:59:13 archlinux kernel: pci 0000:00:16.0: Adding to iommu group 11
birž. 17 23:59:13 archlinux kernel: pci 0000:00:1c.0: Adding to iommu group 12
birž. 17 23:59:13 archlinux kernel: pci 0000:00:1d.0: Adding to iommu group 13
birž. 17 23:59:13 archlinux kernel: pci 0000:00:1f.0: Adding to iommu group 14
birž. 17 23:59:13 archlinux kernel: pci 0000:00:1f.3: Adding to iommu group 14
birž. 17 23:59:13 archlinux kernel: pci 0000:00:1f.4: Adding to iommu group 14
birž. 17 23:59:13 archlinux kernel: pci 0000:00:1f.5: Adding to iommu group 14
birž. 17 23:59:13 archlinux kernel: pci 0000:01:00.0: Adding to iommu group 15
birž. 17 23:59:13 archlinux kernel: pci 0000:2c:00.0: Adding to iommu group 16
birž. 17 23:59:13 archlinux kernel: pci 0000:2d:00.0: Adding to iommu group 17
birž. 17 23:59:13 archlinux kernel: DMAR: Intel(R) Virtualization Technology for Directed I/O
birž. 17 23:59:13 archlinux kernel: PCI-DMA: Using software bounce buffering for IO (SWIOTLB)
birž. 17 23:59:13 archlinux kernel: software IO TLB: mapped [mem 0x000000003102d000-0x000000003502d000] (64MB)
birž. 17 23:59:13 archlinux kernel: clocksource: tsc: mask: 0xffffffffffffffff max_cycles: 0x2cd5a8bb032, max_idle_ns: 440795365915 ns
birž. 17 23:59:13 archlinux kernel: clocksource: Switched to clocksource tsc
birž. 17 23:59:13 archlinux kernel: platform rtc_cmos: registered platform RTC device (no PNP device found)
birž. 17 23:59:13 archlinux kernel: Initialise system trusted keyrings
birž. 17 23:59:13 archlinux kernel: Key type blacklist registered
birž. 17 23:59:13 archlinux kernel: workingset: timestamp_bits=41 max_order=22 bucket_order=0
birž. 17 23:59:13 archlinux kernel: zbud: loaded
birž. 17 23:59:13 archlinux kernel: integrity: Platform Keyring initialized
birž. 17 23:59:13 archlinux kernel: integrity: Machine keyring initialized
birž. 17 23:59:13 archlinux kernel: Key type asymmetric registered
birž. 17 23:59:13 archlinux kernel: Asymmetric key parser 'x509' registered
birž. 17 23:59:13 archlinux kernel: Block layer SCSI generic (bsg) driver version 0.4 loaded (major 242)
birž. 17 23:59:13 archlinux kernel: io scheduler mq-deadline registered
birž. 17 23:59:13 archlinux kernel: io scheduler kyber registered
birž. 17 23:59:13 archlinux kernel: io scheduler bfq registered
birž. 17 23:59:13 archlinux kernel: pcieport 0000:00:06.0: PME: Signaling with IRQ 123
birž. 17 23:59:13 archlinux kernel: pcieport 0000:00:07.0: PME: Signaling with IRQ 124
birž. 17 23:59:13 archlinux kernel: pcieport 0000:00:07.0: pciehp: Slot #0 AttnBtn- PwrCtrl- MRL- AttnInd- PwrInd- HotPlug+ Surprise+ Interlock- NoCompl+ IbPresDis- LLActRep+
birž. 17 23:59:13 archlinux kernel: pcieport 0000:00:1c.0: PME: Signaling with IRQ 125
birž. 17 23:59:13 archlinux kernel: pcieport 0000:00:1d.0: PME: Signaling with IRQ 126
birž. 17 23:59:13 archlinux kernel: shpchp: Standard Hot Plug PCI Controller Driver version: 0.4
birž. 17 23:59:13 archlinux kernel: Monitor-Mwait will be used to enter C-1 state
birž. 17 23:59:13 archlinux kernel: Monitor-Mwait will be used to enter C-2 state
birž. 17 23:59:13 archlinux kernel: Monitor-Mwait will be used to enter C-3 state
birž. 17 23:59:13 archlinux kernel: ACPI: \_SB_.PR00: Found 3 idle states
birž. 17 23:59:13 archlinux kernel: ACPI: AC: AC Adapter [ADP1] (on-line)
birž. 17 23:59:13 archlinux kernel: input: Lid Switch as /devices/LNXSYSTM:00/LNXSYBUS:00/PNP0A08:00/device:22/PNP0C09:00/PNP0C0D:00/input/input0
birž. 17 23:59:13 archlinux kernel: ACPI: button: Lid Switch [LID0]
birž. 17 23:59:13 archlinux kernel: input: Power Button as /devices/LNXSYSTM:00/LNXSYBUS:00/PNP0C0C:00/input/input1
birž. 17 23:59:13 archlinux kernel: ACPI: button: Power Button [PWRB]
birž. 17 23:59:13 archlinux kernel: input: Sleep Button as /devices/LNXSYSTM:00/LNXSYBUS:00/PNP0C0E:00/input/input2
birž. 17 23:59:13 archlinux kernel: ACPI: button: Sleep Button [SLPB]
birž. 17 23:59:13 archlinux kernel: thermal LNXTHERM:00: registered as thermal_zone0
birž. 17 23:59:13 archlinux kernel: ACPI: thermal: Thermal Zone [TZ00] (28 C)
birž. 17 23:59:13 archlinux kernel: Serial: 8250/16550 driver, 32 ports, IRQ sharing enabled
birž. 17 23:59:13 archlinux kernel: hpet_acpi_add: no address or irqs in _CRS
birž. 17 23:59:13 archlinux kernel: Non-volatile memory driver v1.3
birž. 17 23:59:13 archlinux kernel: Linux agpgart interface v0.103
birž. 17 23:59:13 archlinux kernel: tpm tpm0: tpm_read_log_acpi: Failed to map ACPI memory
birž. 17 23:59:13 archlinux kernel: AMD-Vi: AMD IOMMUv2 functionality not available on this system - This is not a bug.
birž. 17 23:59:13 archlinux kernel: ACPI: bus type drm_connector registered
birž. 17 23:59:13 archlinux kernel: usbcore: registered new interface driver usbserial_generic
birž. 17 23:59:13 archlinux kernel: usbserial: USB Serial support registered for generic
birž. 17 23:59:13 archlinux kernel: rtc_cmos rtc_cmos: RTC can wake from S4
birž. 17 23:59:13 archlinux kernel: rtc_cmos rtc_cmos: registered as rtc0
birž. 17 23:59:13 archlinux kernel: rtc_cmos rtc_cmos: setting system clock to 2023-06-17T20:59:12 UTC (1687035552)
birž. 17 23:59:13 archlinux kernel: rtc_cmos rtc_cmos: alarms up to one month, y3k, 114 bytes nvram
birž. 17 23:59:13 archlinux kernel: intel_pstate: Intel P-state driver initializing
birž. 17 23:59:13 archlinux kernel: intel_pstate: HWP enabled
birž. 17 23:59:13 archlinux kernel: ledtrig-cpu: registered to indicate activity on CPUs
birž. 17 23:59:13 archlinux kernel: efifb: probing for efifb
birž. 17 23:59:13 archlinux kernel: efifb: framebuffer at 0x4000000000, using 16000k, total 16000k
birž. 17 23:59:13 archlinux kernel: efifb: mode is 2560x1600x32, linelength=10240, pages=1
birž. 17 23:59:13 archlinux kernel: efifb: scrolling: redraw
birž. 17 23:59:13 archlinux kernel: efifb: Truecolor: size=8:8:8:8, shift=24:16:8:0
birž. 17 23:59:13 archlinux kernel: fbcon: Deferring console take-over
birž. 17 23:59:13 archlinux kernel: fb0: EFI VGA frame buffer device
birž. 17 23:59:13 archlinux kernel: hid: raw HID events driver (C) Jiri Kosina
birž. 17 23:59:13 archlinux kernel: intel_pmc_core INT33A1:00:  initialized
birž. 17 23:59:13 archlinux kernel: drop_monitor: Initializing network drop monitor service
birž. 17 23:59:13 archlinux kernel: Initializing XFRM netlink socket
birž. 17 23:59:13 archlinux kernel: NET: Registered PF_INET6 protocol family
birž. 17 23:59:13 archlinux kernel: Freeing initrd memory: 24452K
birž. 17 23:59:13 archlinux kernel: Segment Routing with IPv6
birž. 17 23:59:13 archlinux kernel: RPL Segment Routing with IPv6
birž. 17 23:59:13 archlinux kernel: In-situ OAM (IOAM) with IPv6
birž. 17 23:59:13 archlinux kernel: NET: Registered PF_PACKET protocol family
birž. 17 23:59:13 archlinux kernel: microcode: Microcode Update Driver: v2.2.
birž. 17 23:59:13 archlinux kernel: resctrl: L2 allocation detected
birž. 17 23:59:13 archlinux kernel: IPI shorthand broadcast: enabled
birž. 17 23:59:13 archlinux kernel: sched_clock: Marking stable (3607271247, 16051088)->(2898669741, 724652594)
birž. 17 23:59:13 archlinux kernel: registered taskstats version 1
birž. 17 23:59:13 archlinux kernel: Loading compiled-in X.509 certificates
birž. 17 23:59:13 archlinux kernel: Loaded X.509 cert 'Build time autogenerated kernel key: af9c74e46df33187d3dcf41689ed2aa280e1d001'
birž. 17 23:59:13 archlinux kernel: zswap: loaded using pool zstd/zsmalloc
birž. 17 23:59:13 archlinux kernel: Key type .fscrypt registered
birž. 17 23:59:13 archlinux kernel: Key type fscrypt-provisioning registered
birž. 17 23:59:13 archlinux kernel: AppArmor: AppArmor sha1 policy hashing enabled
birž. 17 23:59:13 archlinux kernel: integrity: Loading X.509 certificate: UEFI:db
birž. 17 23:59:13 archlinux kernel: integrity: Loaded X.509 cert 'Microsoft Windows Production PCA 2011: a92902398e16c49778cd90f99e4f9ae17c55af53'
birž. 17 23:59:13 archlinux kernel: integrity: Loading X.509 certificate: UEFI:db
birž. 17 23:59:13 archlinux kernel: integrity: Loaded X.509 cert 'Microsoft Corporation UEFI CA 2011: 13adbf4309bd82709c8cd54f316ed522988a1bd4'
birž. 17 23:59:13 archlinux kernel: integrity: Loading X.509 certificate: UEFI:db
birž. 17 23:59:13 archlinux kernel: integrity: Loaded X.509 cert 'GRS560-16ITL: 399b5a08121f06bb47c3cf6381943759'
birž. 17 23:59:13 archlinux kernel: PM:   Magic number: 11:841:1003
birž. 17 23:59:13 archlinux kernel: input input0: hash matches
birž. 17 23:59:13 archlinux kernel: vc vcs: hash matches
birž. 17 23:59:13 archlinux kernel: system 00:05: hash matches
birž. 17 23:59:13 archlinux kernel: memory memory42: hash matches
birž. 17 23:59:13 archlinux kernel: RAS: Correctable Errors collector initialized.
birž. 17 23:59:13 archlinux kernel: ACPI: battery: Slot [BAT0] (battery present)
birž. 17 23:59:13 archlinux kernel: Freeing unused decrypted memory: 2036K
birž. 17 23:59:13 archlinux kernel: Freeing unused kernel image (initmem) memory: 3336K
birž. 17 23:59:13 archlinux kernel: Write protecting the kernel read-only data: 30720k
birž. 17 23:59:13 archlinux kernel: Freeing unused kernel image (rodata/data gap) memory: 1596K
birž. 17 23:59:13 archlinux kernel: x86/mm: Checked W+X mappings: passed, no W+X pages found.
birž. 17 23:59:13 archlinux kernel: rodata_test: all tests were successful
birž. 17 23:59:13 archlinux kernel: Run /init as init process
birž. 17 23:59:13 archlinux kernel:   with arguments:
birž. 17 23:59:13 archlinux kernel:     /init
birž. 17 23:59:13 archlinux kernel:   with environment:
birž. 17 23:59:13 archlinux kernel:     HOME=/
birž. 17 23:59:13 archlinux kernel:     TERM=linux
birž. 17 23:59:13 archlinux kernel:     BOOT_IMAGE=/boot/vmlinuz-6.3-x86_64
birž. 17 23:59:13 archlinux systemd[1]: systemd 253.5-1-manjaro running in system mode (+PAM +AUDIT -SELINUX -APPARMOR -IMA +SMACK +SECCOMP +GCRYPT +GNUTLS +OPENSSL +ACL +BLKID +CURL +ELFUTILS +FIDO2 +IDN2 -IDN +IPTC +KMOD +LIBCRYPTSETUP +LIBFDISK +PCRE2 -PWQUALITY +P11KIT -QRENCODE +TPM2 +BZIP2 +LZ4 +XZ +ZLIB +ZSTD +BPF_FRAMEWORK +XKBCOMMON +UTMP -SYSVINIT default-hierarchy=unified)
birž. 17 23:59:13 archlinux systemd[1]: Detected architecture x86-64.
birž. 17 23:59:13 archlinux systemd[1]: Running in initrd.
birž. 17 23:59:13 archlinux systemd[1]: Initializing machine ID from random generator.
birž. 17 23:59:13 archlinux systemd[1]: Queued start job for default target Initrd Default Target.
birž. 17 23:59:13 archlinux systemd[1]: Reached target Local File Systems.
birž. 17 23:59:13 archlinux systemd[1]: Reached target Path Units.
birž. 17 23:59:13 archlinux systemd[1]: Reached target Slice Units.
birž. 17 23:59:13 archlinux systemd[1]: Reached target Swaps.
birž. 17 23:59:13 archlinux systemd[1]: Reached target Timer Units.
birž. 17 23:59:13 archlinux systemd[1]: Listening on Journal Socket (/dev/log).
birž. 17 23:59:13 archlinux systemd[1]: Listening on Journal Socket.
birž. 17 23:59:13 archlinux systemd[1]: Listening on udev Control Socket.
birž. 17 23:59:13 archlinux systemd[1]: Listening on udev Kernel Socket.
birž. 17 23:59:13 archlinux systemd[1]: Reached target Socket Units.
birž. 17 23:59:13 archlinux systemd[1]: Starting Create List of Static Device Nodes...
birž. 17 23:59:13 archlinux systemd[1]: Starting Journal Service...
birž. 17 23:59:13 archlinux systemd[1]: Starting Load Kernel Modules...
birž. 17 23:59:13 archlinux systemd[1]: TPM2 PCR Barrier (initrd) was skipped because of an unmet condition check (ConditionPathExists=/sys/firmware/efi/efivars/StubPcrKernelImage-4a67b082-0a4c-41cf-b6c7-440b29bb8c4f).
birž. 17 23:59:13 archlinux systemd[1]: Starting Coldplug All udev Devices...
birž. 17 23:59:13 archlinux systemd[1]: Finished Create List of Static Device Nodes.
birž. 17 23:59:13 archlinux systemd[1]: Starting Create Static Device Nodes in /dev...
birž. 17 23:59:13 archlinux systemd[1]: Finished Load Kernel Modules.
birž. 17 23:59:13 archlinux systemd[1]: Finished Create Static Device Nodes in /dev.
birž. 17 23:59:13 archlinux systemd[1]: Starting Rule-based Manager for Device Events and Files...
birž. 17 23:59:13 archlinux systemd-journald[120]: Collecting audit messages is disabled.
birž. 17 23:59:13 archlinux systemd[1]: Started Rule-based Manager for Device Events and Files.
birž. 17 23:59:13 archlinux systemd-journald[120]: Journal started
birž. 17 23:59:13 archlinux systemd-journald[120]: Runtime Journal (/run/log/journal/3ad732269e944abc9bc9f9c952352bdf) is 8.0M, max 315.6M, 307.6M free.
birž. 17 23:59:13 archlinux systemd[1]: Started Journal Service.
birž. 17 23:59:13 archlinux systemd[1]: Finished Coldplug All udev Devices.
birž. 17 23:59:13 archlinux kernel: wmi_bus wmi_bus-PNP0C14:01: WQ data block query control method not found
birž. 17 23:59:13 archlinux kernel: wmi_bus wmi_bus-PNP0C14:01: WQ data block query control method not found
birž. 17 23:59:13 archlinux kernel: wmi_bus wmi_bus-PNP0C14:01: WQ data block query control method not found
birž. 17 23:59:13 archlinux kernel: wmi_bus wmi_bus-PNP0C14:01: WQ data block query control method not found
birž. 17 23:59:13 archlinux systemd[1]: Reached target System Initialization.
birž. 17 23:59:13 archlinux systemd[1]: Reached target Basic System.
birž. 17 23:59:13 archlinux kernel: i8042: PNP: PS/2 Controller [PNP0303:PS2K] at 0x60,0x64 irq 1
birž. 17 23:59:13 archlinux kernel: i8042: PNP: PS/2 appears to have AUX port disabled, if this is incorrect please boot with i8042.nopnp
birž. 17 23:59:13 archlinux kernel: serio: i8042 KBD port at 0x60,0x64 irq 1
birž. 17 23:59:13 archlinux kernel: xhci_hcd 0000:00:0d.0: xHCI Host Controller
birž. 17 23:59:13 archlinux kernel: xhci_hcd 0000:00:0d.0: new USB bus registered, assigned bus number 1
birž. 17 23:59:13 archlinux kernel: sdhci: Secure Digital Host Controller Interface driver
birž. 17 23:59:13 archlinux kernel: sdhci: Copyright(c) Pierre Ossman
birž. 17 23:59:13 archlinux kernel: xhci_hcd 0000:00:0d.0: hcc params 0x20007fc1 hci version 0x120 quirks 0x0000000200009810
birž. 17 23:59:13 archlinux kernel: xhci_hcd 0000:00:0d.0: xHCI Host Controller
birž. 17 23:59:13 archlinux kernel: xhci_hcd 0000:00:0d.0: new USB bus registered, assigned bus number 2
birž. 17 23:59:13 archlinux kernel: xhci_hcd 0000:00:0d.0: Host supports USB 3.1 Enhanced SuperSpeed
birž. 17 23:59:13 archlinux kernel: usb usb1: New USB device found, idVendor=1d6b, idProduct=0002, bcdDevice= 6.03
birž. 17 23:59:13 archlinux kernel: usb usb1: New USB device strings: Mfr=3, Product=2, SerialNumber=1
birž. 17 23:59:13 archlinux kernel: usb usb1: Product: xHCI Host Controller
birž. 17 23:59:13 archlinux kernel: usb usb1: Manufacturer: Linux 6.3.8-1-MANJARO xhci-hcd
birž. 17 23:59:13 archlinux kernel: usb usb1: SerialNumber: 0000:00:0d.0
birž. 17 23:59:13 archlinux kernel: hub 1-0:1.0: USB hub found
birž. 17 23:59:13 archlinux kernel: hub 1-0:1.0: 1 port detected
birž. 17 23:59:13 archlinux kernel: usb usb2: New USB device found, idVendor=1d6b, idProduct=0003, bcdDevice= 6.03
birž. 17 23:59:13 archlinux kernel: usb usb2: New USB device strings: Mfr=3, Product=2, SerialNumber=1
birž. 17 23:59:13 archlinux kernel: usb usb2: Product: xHCI Host Controller
birž. 17 23:59:13 archlinux kernel: usb usb2: Manufacturer: Linux 6.3.8-1-MANJARO xhci-hcd
birž. 17 23:59:13 archlinux kernel: usb usb2: SerialNumber: 0000:00:0d.0
birž. 17 23:59:13 archlinux kernel: hub 2-0:1.0: USB hub found
birž. 17 23:59:13 archlinux kernel: hub 2-0:1.0: 4 ports detected
birž. 17 23:59:13 archlinux kernel: nvme nvme0: pci function 0000:2d:00.0
birž. 17 23:59:13 archlinux kernel: xhci_hcd 0000:00:14.0: xHCI Host Controller
birž. 17 23:59:13 archlinux kernel: xhci_hcd 0000:00:14.0: new USB bus registered, assigned bus number 3
birž. 17 23:59:13 archlinux kernel: xhci_hcd 0000:00:14.0: hcc params 0x20007fc1 hci version 0x120 quirks 0x0000000200009810
birž. 17 23:59:13 archlinux kernel: xhci_hcd 0000:00:14.0: xHCI Host Controller
birž. 17 23:59:13 archlinux kernel: xhci_hcd 0000:00:14.0: new USB bus registered, assigned bus number 4
birž. 17 23:59:13 archlinux kernel: xhci_hcd 0000:00:14.0: Host supports USB 3.1 Enhanced SuperSpeed
birž. 17 23:59:13 archlinux kernel: usb usb3: New USB device found, idVendor=1d6b, idProduct=0002, bcdDevice= 6.03
birž. 17 23:59:13 archlinux kernel: usb usb3: New USB device strings: Mfr=3, Product=2, SerialNumber=1
birž. 17 23:59:13 archlinux kernel: usb usb3: Product: xHCI Host Controller
birž. 17 23:59:13 archlinux kernel: usb usb3: Manufacturer: Linux 6.3.8-1-MANJARO xhci-hcd
birž. 17 23:59:13 archlinux kernel: usb usb3: SerialNumber: 0000:00:14.0
birž. 17 23:59:13 archlinux kernel: hub 3-0:1.0: USB hub found
birž. 17 23:59:13 archlinux kernel: hub 3-0:1.0: 12 ports detected
birž. 17 23:59:13 archlinux kernel: usb usb4: New USB device found, idVendor=1d6b, idProduct=0003, bcdDevice= 6.03
birž. 17 23:59:13 archlinux kernel: usb usb4: New USB device strings: Mfr=3, Product=2, SerialNumber=1
birž. 17 23:59:13 archlinux kernel: usb usb4: Product: xHCI Host Controller
birž. 17 23:59:13 archlinux kernel: usb usb4: Manufacturer: Linux 6.3.8-1-MANJARO xhci-hcd
birž. 17 23:59:13 archlinux kernel: usb usb4: SerialNumber: 0000:00:14.0
birž. 17 23:59:13 archlinux kernel: hub 4-0:1.0: USB hub found
birž. 17 23:59:13 archlinux kernel: hub 4-0:1.0: 4 ports detected
birž. 17 23:59:13 archlinux kernel: usb: port power management may be unreliable
birž. 17 23:59:13 archlinux kernel: nvme nvme0: allocated 64 MiB host memory buffer.
birž. 17 23:59:13 archlinux kernel: nvme nvme0: 8/0/0 default/read/poll queues
birž. 17 23:59:13 archlinux kernel: nvme nvme0: Ignoring bogus Namespace Identifiers
birž. 17 23:59:13 archlinux kernel:  nvme0n1: p1 p2
birž. 17 23:59:13 archlinux kernel: sdhci-pci 0000:2c:00.0: SDHCI controller found [1217:8621] (rev 1)
birž. 17 23:59:13 archlinux kernel: sdhci-pci 0000:2c:00.0: enabling device (0000 -> 0002)
birž. 17 23:59:13 archlinux kernel: mmc0: SDHCI controller on PCI [0000:2c:00.0] using ADMA
birž. 17 23:59:13 archlinux systemd[1]: Found device Lexar SSD NM760 1TB root.
birž. 17 23:59:13 archlinux systemd[1]: Reached target Initrd Root Device.
birž. 17 23:59:13 archlinux kernel: input: AT Translated Set 2 keyboard as /devices/platform/i8042/serio0/input/input3
birž. 17 23:59:13 archlinux systemd[1]: Starting File System Check on /dev/disk/by-uuid/d58bf104-f3d0-48a2-8d0f-6c6a70cd8538...
birž. 17 23:59:13 archlinux systemd-fsck[171]: /dev/nvme0n1p2: clean, 1944361/62496768 files, 125054457/249973841 blocks
birž. 17 23:59:13 archlinux systemd[1]: Finished File System Check on /dev/disk/by-uuid/d58bf104-f3d0-48a2-8d0f-6c6a70cd8538.
birž. 17 23:59:13 archlinux systemd[1]: Mounting /sysroot...
birž. 17 23:59:13 archlinux kernel: usb 3-2: new full-speed USB device number 2 using xhci_hcd
birž. 17 23:59:13 archlinux kernel: i915 0000:00:02.0: [drm] VT-d active for gfx access
birž. 17 23:59:13 archlinux kernel: i915 0000:00:02.0: vgaarb: deactivate vga console
birž. 17 23:59:13 archlinux kernel: i915 0000:00:02.0: [drm] Using Transparent Hugepages
birž. 17 23:59:13 archlinux kernel: i915 0000:00:02.0: vgaarb: changed VGA decodes: olddecodes=io+mem,decodes=io+mem:owns=io+mem
birž. 17 23:59:13 archlinux kernel: i915 0000:00:02.0: [drm] Finished loading DMC firmware i915/tgl_dmc_ver2_12.bin (v2.12)
birž. 17 23:59:13 archlinux kernel: i915 0000:00:02.0: [drm] Protected Xe Path (PXP) protected content support initialized
birž. 17 23:59:13 archlinux systemd[1]: Mounted /sysroot.
birž. 17 23:59:13 archlinux systemd[1]: Reached target Initrd Root File System.
birž. 17 23:59:13 archlinux kernel: EXT4-fs (nvme0n1p2): mounted filesystem d58bf104-f3d0-48a2-8d0f-6c6a70cd8538 with ordered data mode. Quota mode: none.
birž. 17 23:59:14 archlinux systemd[1]: Starting Mountpoints Configured in the Real Root...
birž. 17 23:59:14 archlinux systemd[1]: initrd-parse-etc.service: Deactivated successfully.
birž. 17 23:59:14 archlinux systemd[1]: Finished Mountpoints Configured in the Real Root.
birž. 17 23:59:14 archlinux systemd[1]: Reached target Initrd File Systems.
birž. 17 23:59:14 archlinux systemd[1]: Reached target Initrd Default Target.
birž. 17 23:59:14 archlinux systemd[1]: Starting Cleaning Up and Shutting Down Daemons...
birž. 17 23:59:14 archlinux systemd[1]: Stopped target Initrd Default Target.
birž. 17 23:59:14 archlinux systemd[1]: Stopped target Basic System.
birž. 17 23:59:14 archlinux systemd[1]: Stopped target Initrd Root Device.
birž. 17 23:59:14 archlinux systemd[1]: Stopped target Path Units.
birž. 17 23:59:14 archlinux systemd[1]: Stopped target Slice Units.
birž. 17 23:59:14 archlinux systemd[1]: Stopped target Socket Units.
birž. 17 23:59:14 archlinux systemd[1]: Stopped target System Initialization.
birž. 17 23:59:14 archlinux systemd[1]: Stopped target Local File Systems.
birž. 17 23:59:14 archlinux systemd[1]: Stopped target Swaps.
birž. 17 23:59:14 archlinux systemd[1]: Stopped target Timer Units.
birž. 17 23:59:14 archlinux systemd[1]: systemd-modules-load.service: Deactivated successfully.
birž. 17 23:59:14 archlinux systemd[1]: Stopped Load Kernel Modules.
birž. 17 23:59:14 archlinux systemd[1]: systemd-udev-trigger.service: Deactivated successfully.
birž. 17 23:59:14 archlinux systemd[1]: Stopped Coldplug All udev Devices.
birž. 17 23:59:14 archlinux systemd[1]: Stopping Rule-based Manager for Device Events and Files...
birž. 17 23:59:14 archlinux systemd[1]: initrd-cleanup.service: Deactivated successfully.
birž. 17 23:59:14 archlinux systemd[1]: Finished Cleaning Up and Shutting Down Daemons.
birž. 17 23:59:14 archlinux kernel: usb 3-2: New USB device found, idVendor=17ef, idProduct=60e6, bcdDevice= 0.70
birž. 17 23:59:14 archlinux kernel: usb 3-2: New USB device strings: Mfr=1, Product=2, SerialNumber=0
birž. 17 23:59:14 archlinux kernel: usb 3-2: Product: Lenovo Legion M600 Wireless Gaming Mouse
birž. 17 23:59:14 archlinux kernel: usb 3-2: Manufacturer: Lenovo
birž. 17 23:59:14 archlinux kernel: usb 3-7: new high-speed USB device number 3 using xhci_hcd
birž. 17 23:59:14 archlinux kernel: usb 3-7: New USB device found, idVendor=13d3, idProduct=56fb, bcdDevice=98.04
birž. 17 23:59:14 archlinux kernel: usb 3-7: New USB device strings: Mfr=3, Product=1, SerialNumber=2
birž. 17 23:59:14 archlinux kernel: usb 3-7: Product: Integrated Camera
birž. 17 23:59:14 archlinux kernel: usb 3-7: Manufacturer: Azurewave
birž. 17 23:59:14 archlinux kernel: usb 3-7: SerialNumber: 0000
birž. 17 23:59:14 archlinux kernel: usb 3-10: new full-speed USB device number 4 using xhci_hcd
birž. 17 23:59:14 archlinux kernel: usb 3-10: New USB device found, idVendor=8087, idProduct=0026, bcdDevice= 0.02
birž. 17 23:59:14 archlinux kernel: usb 3-10: New USB device strings: Mfr=0, Product=0, SerialNumber=0
birž. 17 23:59:15 archlinux kernel: [drm] Initialized i915 1.6.0 20201103 for 0000:00:02.0 on minor 0
birž. 17 23:59:15 archlinux kernel: ACPI: video: [Firmware Bug]: ACPI(PEGP) defines _DOD but not _DOS
birž. 17 23:59:15 archlinux kernel: ACPI: video: Video Device [PEGP] (multi-head: yes  rom: no  post: no)
birž. 17 23:59:15 archlinux kernel: input: Video Bus as /devices/LNXSYSTM:00/LNXSYBUS:00/PNP0A08:00/device:00/LNXVIDEO:00/input/input4
birž. 17 23:59:15 archlinux kernel: ACPI: video: Video Device [GFX0] (multi-head: yes  rom: no  post: no)
birž. 17 23:59:15 archlinux kernel: input: Video Bus as /devices/LNXSYSTM:00/LNXSYBUS:00/PNP0A08:00/LNXVIDEO:01/input/input5
birž. 17 23:59:15 archlinux kernel: fbcon: i915drmfb (fb0) is primary device
birž. 17 23:59:15 archlinux kernel: fbcon: Deferring console take-over
birž. 17 23:59:15 archlinux kernel: i915 0000:00:02.0: [drm] fb0: i915drmfb frame buffer device
birž. 17 23:59:15 archlinux systemd[1]: systemd-udevd.service: Deactivated successfully.
birž. 17 23:59:15 archlinux systemd[1]: Stopped Rule-based Manager for Device Events and Files.
birž. 17 23:59:15 archlinux systemd[1]: systemd-udevd-control.socket: Deactivated successfully.
birž. 17 23:59:15 archlinux systemd[1]: Closed udev Control Socket.
birž. 17 23:59:15 archlinux systemd[1]: systemd-udevd-kernel.socket: Deactivated successfully.
birž. 17 23:59:15 archlinux systemd[1]: Closed udev Kernel Socket.
birž. 17 23:59:15 archlinux systemd[1]: Starting Cleanup udev Database...
birž. 17 23:59:15 archlinux systemd[1]: systemd-tmpfiles-setup-dev.service: Deactivated successfully.
birž. 17 23:59:15 archlinux systemd[1]: Stopped Create Static Device Nodes in /dev.
birž. 17 23:59:15 archlinux systemd[1]: kmod-static-nodes.service: Deactivated successfully.
birž. 17 23:59:15 archlinux systemd[1]: Stopped Create List of Static Device Nodes.
birž. 17 23:59:15 archlinux systemd[1]: run-credentials-systemd\x2dtmpfiles\x2dsetup\x2ddev.service.mount: Deactivated successfully.
birž. 17 23:59:15 archlinux systemd[1]: initrd-udevadm-cleanup-db.service: Deactivated successfully.
birž. 17 23:59:15 archlinux systemd[1]: Finished Cleanup udev Database.
birž. 17 23:59:15 archlinux systemd[1]: Reached target Switch Root.
birž. 17 23:59:15 archlinux systemd[1]: Starting Switch Root...
birž. 17 23:59:15 archlinux kernel: memfd_create() without MFD_EXEC nor MFD_NOEXEC_SEAL, pid=1 'systemd'
birž. 17 23:59:15 archlinux systemd[1]: Switching root.
birž. 17 23:59:15 archlinux systemd-journald[120]: Journal stopped
birž. 17 23:59:16 abacus systemd-journald[120]: Received SIGTERM from PID 1 (systemd).
birž. 17 23:59:16 abacus systemd[1]: systemd 253.5-1-manjaro running in system mode (+PAM +AUDIT -SELINUX -APPARMOR -IMA +SMACK +SECCOMP +GCRYPT +GNUTLS +OPENSSL +ACL +BLKID +CURL +ELFUTILS +FIDO2 +IDN2 -IDN +IPTC +KMOD +LIBCRYPTSETUP +LIBFDISK +PCRE2 -PWQUALITY +P11KIT -QRENCODE +TPM2 +BZIP2 +LZ4 +XZ +ZLIB +ZSTD +BPF_FRAMEWORK +XKBCOMMON +UTMP -SYSVINIT default-hierarchy=unified)
birž. 17 23:59:16 abacus systemd[1]: Detected architecture x86-64.
birž. 17 23:59:16 abacus systemd[1]: Hostname set to <abacus>.
birž. 17 23:59:16 abacus systemd[1]: bpf-lsm: LSM BPF program attached
birž. 17 23:59:16 abacus systemd[1]: initrd-switch-root.service: Deactivated successfully.
birž. 17 23:59:16 abacus systemd[1]: Stopped Switch Root.
birž. 17 23:59:16 abacus systemd[1]: systemd-journald.service: Scheduled restart job, restart counter is at 1.
birž. 17 23:59:16 abacus systemd[1]: Created slice Slice /system/getty.
birž. 17 23:59:16 abacus systemd[1]: Created slice Slice /system/modprobe.
birž. 17 23:59:16 abacus systemd[1]: Created slice Slice /system/systemd-fsck.
birž. 17 23:59:16 abacus systemd[1]: Created slice User and Session Slice.
birž. 17 23:59:16 abacus systemd[1]: Started Dispatch Password Requests to Console Directory Watch.
birž. 17 23:59:16 abacus systemd[1]: Started Forward Password Requests to Wall Directory Watch.
birž. 17 23:59:16 abacus systemd[1]: Set up automount Arbitrary Executable File Formats File System Automount Point.
birž. 17 23:59:16 abacus systemd[1]: Reached target Local Encrypted Volumes.
birž. 17 23:59:16 abacus systemd[1]: Reached target Login Prompts.
birž. 17 23:59:16 abacus systemd[1]: Stopped target Switch Root.
birž. 17 23:59:16 abacus systemd[1]: Stopped target Initrd File Systems.
birž. 17 23:59:16 abacus systemd[1]: Stopped target Initrd Root File System.
birž. 17 23:59:16 abacus systemd[1]: Reached target Local Integrity Protected Volumes.
birž. 17 23:59:16 abacus systemd[1]: Reached target Remote File Systems.
birž. 17 23:59:16 abacus systemd[1]: Reached target Slice Units.
birž. 17 23:59:16 abacus systemd[1]: Reached target Mounting snaps.
birž. 17 23:59:16 abacus systemd[1]: Reached target Local Verity Protected Volumes.
birž. 17 23:59:16 abacus systemd[1]: Listening on Device-mapper event daemon FIFOs.
birž. 17 23:59:16 abacus systemd[1]: Listening on LVM2 poll daemon socket.
birž. 17 23:59:16 abacus systemd[1]: Listening on Process Core Dump Socket.
birž. 17 23:59:16 abacus systemd[1]: Listening on udev Control Socket.
birž. 17 23:59:16 abacus systemd[1]: Listening on udev Kernel Socket.
birž. 17 23:59:16 abacus systemd[1]: Mounting Huge Pages File System...
birž. 17 23:59:16 abacus systemd[1]: Mounting POSIX Message Queue File System...
birž. 17 23:59:16 abacus systemd[1]: Mounting Kernel Debug File System...
birž. 17 23:59:16 abacus systemd[1]: Mounting Kernel Trace File System...
birž. 17 23:59:16 abacus systemd[1]: Starting Create List of Static Device Nodes...
birž. 17 23:59:16 abacus systemd[1]: Starting Monitoring of LVM2 mirrors, snapshots etc. using dmeventd or progress polling...
birž. 17 23:59:16 abacus systemd[1]: Starting Load Kernel Module configfs...
birž. 17 23:59:16 abacus systemd[1]: Starting Load Kernel Module dm_mod...
birž. 17 23:59:16 abacus systemd[1]: Starting Load Kernel Module drm...
birž. 17 23:59:16 abacus systemd[1]: Starting Load Kernel Module fuse...
birž. 17 23:59:16 abacus systemd[1]: Starting Load Kernel Module loop...
birž. 17 23:59:16 abacus systemd[1]: Starting Load AppArmor profiles managed internally by snapd...
birž. 17 23:59:16 abacus systemd[1]: Stopped Journal Service.
birž. 17 23:59:16 abacus systemd[1]: Starting Load Kernel Modules...
birž. 17 23:59:16 abacus systemd[1]: TPM2 PCR Machine ID Measurement was skipped because of an unmet condition check (ConditionPathExists=/sys/firmware/efi/efivars/StubPcrKernelImage-4a67b082-0a4c-41cf-b6c7-440b29bb8c4f).
birž. 17 23:59:16 abacus systemd[1]: Starting Remount Root and Kernel File Systems...
birž. 17 23:59:16 abacus systemd[1]: Starting Coldplug All udev Devices...
birž. 17 23:59:16 abacus systemd[1]: Mounted Huge Pages File System.
birž. 17 23:59:16 abacus systemd[1]: Mounted POSIX Message Queue File System.
birž. 17 23:59:16 abacus systemd[1]: Mounted Kernel Debug File System.
birž. 17 23:59:16 abacus systemd[1]: Mounted Kernel Trace File System.
birž. 17 23:59:16 abacus kernel: EXT4-fs (nvme0n1p2): re-mounted d58bf104-f3d0-48a2-8d0f-6c6a70cd8538. Quota mode: none.
birž. 17 23:59:16 abacus kernel: loop: module loaded
birž. 17 23:59:16 abacus kernel: device-mapper: uevent: version 1.0.3
birž. 17 23:59:16 abacus kernel: device-mapper: ioctl: 4.47.0-ioctl (2022-07-28) initialised: dm-devel@redhat.com
birž. 17 23:59:16 abacus kernel: fuse: init (API version 7.38)
birž. 17 23:59:16 abacus systemd[1]: Finished Create List of Static Device Nodes.
birž. 17 23:59:16 abacus systemd[1]: modprobe@configfs.service: Deactivated successfully.
birž. 17 23:59:16 abacus systemd[1]: Finished Load Kernel Module configfs.
birž. 17 23:59:16 abacus systemd[1]: modprobe@dm_mod.service: Deactivated successfully.
birž. 17 23:59:16 abacus systemd[1]: Finished Load Kernel Module dm_mod.
birž. 17 23:59:16 abacus systemd[1]: Finished Monitoring of LVM2 mirrors, snapshots etc. using dmeventd or progress polling.
birž. 17 23:59:16 abacus systemd[1]: modprobe@drm.service: Deactivated successfully.
birž. 17 23:59:16 abacus systemd[1]: Finished Load Kernel Module drm.
birž. 17 23:59:16 abacus systemd[1]: modprobe@fuse.service: Deactivated successfully.
birž. 17 23:59:16 abacus systemd[1]: Finished Load Kernel Module fuse.
birž. 17 23:59:16 abacus systemd[1]: modprobe@loop.service: Deactivated successfully.
birž. 17 23:59:16 abacus systemd[1]: Finished Load Kernel Module loop.
birž. 17 23:59:16 abacus systemd[1]: Finished Remount Root and Kernel File Systems.
birž. 17 23:59:16 abacus systemd[1]: Finished Coldplug All udev Devices.
birž. 17 23:59:16 abacus systemd[1]: proc-sys-fs-binfmt_misc.automount: Got automount request for /proc/sys/fs/binfmt_misc, triggered by 227 (snapd-apparmor)
birž. 17 23:59:16 abacus systemd[1]: Activating swap /swapfile...
birž. 17 23:59:16 abacus systemd[1]: Mounting Arbitrary Executable File Formats File System...
birž. 17 23:59:16 abacus systemd[1]: Mounting FUSE Control File System...
birž. 17 23:59:16 abacus systemd[1]: Mounting Kernel Configuration File System...
birž. 17 23:59:16 abacus systemd[1]: First Boot Wizard was skipped because of an unmet condition check (ConditionFirstBoot=yes).
birž. 17 23:59:16 abacus systemd[1]: Rebuild Hardware Database was skipped because no trigger condition checks were met.
birž. 17 23:59:16 abacus systemd[1]: Starting Load/Save OS Random Seed...
birž. 17 23:59:16 abacus systemd[1]: Repartition Root Disk was skipped because no trigger condition checks were met.
birž. 17 23:59:16 abacus systemd[1]: Starting Create System Users...
birž. 17 23:59:16 abacus systemd[1]: Mounted Arbitrary Executable File Formats File System.
birž. 17 23:59:16 abacus systemd[1]: Mounted FUSE Control File System.
birž. 17 23:59:16 abacus systemd[1]: Mounted Kernel Configuration File System.
birž. 17 23:59:16 abacus kernel: Adding 33554428k swap on /swapfile.  Priority:-2 extents:1077 across:971988992k SSFS
birž. 17 23:59:16 abacus systemd[1]: Activated swap /swapfile.
birž. 17 23:59:16 abacus systemd[1]: Reached target Swaps.
birž. 17 23:59:16 abacus kernel: audit: type=1400 audit(1687035555.956:2): apparmor="STATUS" operation="profile_load" profile="unconfined" name="/var/lib/snapd/snap/snapd/19361/usr/lib/snapd/snap-confine" pid=247 comm="apparmor_parser"
birž. 17 23:59:16 abacus kernel: audit: type=1400 audit(1687035555.956:3): apparmor="STATUS" operation="profile_load" profile="unconfined" name="/var/lib/snapd/snap/snapd/19361/usr/lib/snapd/snap-confine//mount-namespace-capture-helper" pid=247 comm="apparmor_parser"
birž. 17 23:59:16 abacus kernel: audit: type=1400 audit(1687035555.956:4): apparmor="STATUS" operation="profile_load" profile="unconfined" name="/var/lib/snapd/snap/snapd/19122/usr/lib/snapd/snap-confine" pid=246 comm="apparmor_parser"
birž. 17 23:59:16 abacus kernel: audit: type=1400 audit(1687035555.956:5): apparmor="STATUS" operation="profile_load" profile="unconfined" name="/var/lib/snapd/snap/snapd/19122/usr/lib/snapd/snap-confine//mount-namespace-capture-helper" pid=246 comm="apparmor_parser"
birž. 17 23:59:16 abacus systemd[1]: Finished Load/Save OS Random Seed.
birž. 17 23:59:16 abacus systemd[1]: Finished Load AppArmor profiles managed internally by snapd.
birž. 17 23:59:16 abacus systemd[1]: Finished Create System Users.
birž. 17 23:59:16 abacus systemd[1]: First Boot Complete was skipped because of an unmet condition check (ConditionFirstBoot=yes).
birž. 17 23:59:16 abacus systemd[1]: Starting Create Static Device Nodes in /dev...
birž. 17 23:59:16 abacus systemd[1]: Finished Create Static Device Nodes in /dev.
birž. 17 23:59:16 abacus systemd[1]: Reached target Preparation for Local File Systems.
birž. 17 23:59:16 abacus systemd[1]: Mounting /tmp...
birž. 17 23:59:16 abacus systemd[1]: Virtual Machine and Container Storage (Compatibility) was skipped because of an unmet condition check (ConditionPathExists=/var/lib/machines.raw).
birž. 17 23:59:16 abacus systemd[1]: var-lib-snapd-snap.mount: Directory /var/lib/snapd/snap to mount over is not empty, mounting anyway.
birž. 17 23:59:16 abacus systemd[1]: Mounting Ensure that the snap directory shares mount events....
birž. 17 23:59:16 abacus systemd[1]: Entropy Daemon based on the HAVEGE algorithm was skipped because of an unmet condition check (ConditionKernelVersion=<5.6).
birž. 17 23:59:16 abacus systemd[1]: Starting Journal Service...
birž. 17 23:59:16 abacus systemd[1]: Starting Rule-based Manager for Device Events and Files...
birž. 17 23:59:16 abacus systemd[1]: Mounted /tmp.
birž. 17 23:59:16 abacus systemd[1]: Mounted Ensure that the snap directory shares mount events..
birž. 17 23:59:16 abacus systemd-journald[252]: Collecting audit messages is disabled.
birž. 17 23:59:16 abacus systemd-journald[252]: Journal started
birž. 17 23:59:16 abacus systemd-journald[252]: Runtime Journal (/run/log/journal/babf5789e83049aa8d218b25ed4e2b83) is 8.0M, max 315.6M, 307.6M free.
birž. 17 23:59:15 abacus systemd[1]: Configuration file /etc/systemd/system/piavpn.service is marked executable. Please remove executable permission bits. Proceeding anyway.
birž. 17 23:59:15 abacus systemd[1]: Queued start job for default target Graphical Interface.
birž. 17 23:59:15 abacus systemd[1]: systemd-journald.service: Deactivated successfully.
birž. 17 23:59:15 abacus systemd-modules-load[228]: Inserted module 'crypto_user'
birž. 17 23:59:16 abacus systemd[1]: Started Journal Service.
birž. 17 23:59:15 abacus systemd-modules-load[228]: Inserted module 'sg'
birž. 17 23:59:16 abacus snapd-apparmor[227]: main.go:124: Loading profiles [/var/lib/snapd/apparmor/profiles/snap-confine.snapd.19122 /var/lib/snapd/apparmor/profiles/snap-confine.snapd.19361]
birž. 17 23:59:16 abacus systemd[1]: Starting Flush Journal to Persistent Storage...
birž. 17 23:59:16 abacus systemd-journald[252]: Time spent on flushing to /var/log/journal/babf5789e83049aa8d218b25ed4e2b83 is 40.955ms for 1028 entries.
birž. 17 23:59:16 abacus systemd-journald[252]: System Journal (/var/log/journal/babf5789e83049aa8d218b25ed4e2b83) is 521.2M, max 4.0G, 3.4G free.
birž. 17 23:59:16 abacus systemd-journald[252]: Received client request to flush runtime journal.
birž. 17 23:59:16 abacus systemd-journald[252]: /var/log/journal/babf5789e83049aa8d218b25ed4e2b83/system.journal: Monotonic clock jumped backwards relative to last journal entry, rotating.
birž. 17 23:59:16 abacus systemd-journald[252]: Rotating system journal.
birž. 17 23:59:16 abacus systemd[1]: Started Rule-based Manager for Device Events and Files.
birž. 17 23:59:16 abacus systemd[1]: Starting Load Kernel Module configfs...
birž. 17 23:59:16 abacus systemd[1]: modprobe@configfs.service: Deactivated successfully.
birž. 17 23:59:16 abacus systemd[1]: Finished Load Kernel Module configfs.
birž. 17 23:59:16 abacus kernel: Consider using thermal netlink events interface
birž. 17 23:59:16 abacus systemd[1]: Finished Flush Journal to Persistent Storage.
birž. 17 23:59:16 abacus systemd[1]: Condition check resulted in Lexar SSD NM760 1TB NO_LABEL being skipped.
birž. 17 23:59:16 abacus systemd[1]: Starting File System Check on /dev/disk/by-uuid/FA52-F81D...
birž. 17 23:59:16 abacus systemd-fsck[302]: fsck.fat 4.2 (2021-01-31)
birž. 17 23:59:16 abacus systemd-fsck[302]: /dev/nvme0n1p1: 10 files, 4171/76646 clusters
birž. 17 23:59:16 abacus systemd[1]: Finished File System Check on /dev/disk/by-uuid/FA52-F81D.
birž. 17 23:59:16 abacus systemd[1]: Created slice Slice /system/systemd-backlight.
birž. 17 23:59:16 abacus kernel: EDAC igen6: v2.5
birž. 17 23:59:16 abacus kernel: input: Intel HID events as /devices/platform/INTC1051:00/input/input6
birž. 17 23:59:16 abacus kernel: intel-hid INTC1051:00: platform supports 5 button array
birž. 17 23:59:16 abacus kernel: input: Intel HID 5 button array as /devices/platform/INTC1051:00/input/input7
birž. 17 23:59:16 abacus kernel: intel-hid INTC1051:00: failed to enable HID power button
birž. 17 23:59:16 abacus systemd[1]: Starting Load/Save Screen Backlight Brightness of backlight:intel_backlight...
birž. 17 23:59:16 abacus systemd[1]: Finished Load/Save Screen Backlight Brightness of backlight:intel_backlight.
birž. 17 23:59:16 abacus kernel: input: Ideapad extra buttons as /devices/pci0000:00/0000:00:1f.0/PNP0C09:00/VPC2004:00/input/input8
birž. 17 23:59:16 abacus kernel: ideapad_acpi VPC2004:00: Keyboard backlight control not available
birž. 17 23:59:16 abacus mtp-probe[327]: checking bus 3, device 2: "/sys/devices/pci0000:00/0000:00:14.0/usb3/3-2"
birž. 17 23:59:16 abacus mtp-probe[327]: bus: 3, device: 2 was not an MTP device
birž. 17 23:59:16 abacus mtp-probe[329]: checking bus 3, device 3: "/sys/devices/pci0000:00/0000:00:14.0/usb3/3-7"
birž. 17 23:59:16 abacus mtp-probe[329]: bus: 3, device: 3 was not an MTP device
birž. 17 23:59:16 abacus kernel: ACPI: bus type thunderbolt registered
birž. 17 23:59:16 abacus kernel: mei_me 0000:00:16.0: enabling device (0000 -> 0002)
birž. 17 23:59:16 abacus kernel: spi-nor spi0.0: gd25q64 (8192 Kbytes)
birž. 17 23:59:16 abacus kernel: input: PC Speaker as /devices/platform/pcspkr/input/input9
birž. 17 23:59:16 abacus kernel: resource: resource sanity check: requesting [mem 0x00000000fedc0000-0x00000000fedcdfff], which spans more than pnp 00:03 [mem 0xfedc0000-0xfedc7fff]
birž. 17 23:59:16 abacus kernel: caller __uncore_imc_init_box+0xfa/0x150 [intel_uncore] mapping multiple BARs
birž. 17 23:59:16 abacus kernel: Creating 1 MTD partitions on "0000:00:1f.5":
birž. 17 23:59:16 abacus kernel: 0x000000000000-0x000001800000 : "BIOS"
birž. 17 23:59:16 abacus kernel: mtd: partition "BIOS" extends beyond the end of device "0000:00:1f.5" -- size truncated to 0x800000
birž. 17 23:59:16 abacus kernel: spi-nor spi0.1: XM25QH128A (16384 Kbytes)
birž. 17 23:59:16 abacus kernel: mc: Linux media interface: v0.10
birž. 17 23:59:16 abacus kernel: cfg80211: Loading compiled-in X.509 certificates for regulatory database
birž. 17 23:59:16 abacus kernel: Loaded X.509 cert 'sforshee: 00b28ddf47aef9cea7'
birž. 17 23:59:16 abacus kernel: Bluetooth: Core ver 2.22
birž. 17 23:59:16 abacus kernel: NET: Registered PF_BLUETOOTH protocol family
birž. 17 23:59:16 abacus kernel: Bluetooth: HCI device and connection manager initialized
birž. 17 23:59:16 abacus kernel: Bluetooth: HCI socket layer initialized
birž. 17 23:59:16 abacus kernel: Bluetooth: L2CAP socket layer initialized
birž. 17 23:59:16 abacus kernel: Bluetooth: SCO socket layer initialized
birž. 17 23:59:16 abacus systemd[1]: Mounting /boot/efi...
birž. 17 23:59:16 abacus systemd[1]: Mounting Mount unit for bare, revision 5...
birž. 17 23:59:16 abacus systemd[1]: Mounting Mount unit for core22, revision 634...
birž. 17 23:59:16 abacus kernel: intel-lpss 0000:00:15.0: enabling device (0004 -> 0006)
